Archive member included to satisfy reference by file (symbol)

/home/jamescathcart/.pico-sdk/toolchain/13_2_Rel1/bin/../lib/gcc/arm-none-eabi/13.2.1/thumb/v6-m/nofp/libgcc.a(_dvmd_tls.o)
                              CMakeFiles/blink.dir/home/jamescathcart/.pico-sdk/sdk/2.0.0/src/rp2_common/pico_divider/divider_hardware.S.obj (__aeabi_idiv0)
/home/jamescathcart/.pico-sdk/toolchain/13_2_Rel1/bin/../lib/gcc/arm-none-eabi/13.2.1/../../../../arm-none-eabi/lib/thumb/v6-m/nofp/libg.a(libc_a-lcltime_r.o)
                              CMakeFiles/blink.dir/home/jamescathcart/.pico-sdk/sdk/2.0.0/src/common/pico_util/datetime.c.obj (localtime_r)
/home/jamescathcart/.pico-sdk/toolchain/13_2_Rel1/bin/../lib/gcc/arm-none-eabi/13.2.1/../../../../arm-none-eabi/lib/thumb/v6-m/nofp/libg.a(libc_a-mktime.o)
                              CMakeFiles/blink.dir/home/jamescathcart/.pico-sdk/sdk/2.0.0/src/common/pico_util/datetime.c.obj (mktime)
/home/jamescathcart/.pico-sdk/toolchain/13_2_Rel1/bin/../lib/gcc/arm-none-eabi/13.2.1/../../../../arm-none-eabi/lib/thumb/v6-m/nofp/libg.a(libc_a-month_lengths.o)
                              /home/jamescathcart/.pico-sdk/toolchain/13_2_Rel1/bin/../lib/gcc/arm-none-eabi/13.2.1/../../../../arm-none-eabi/lib/thumb/v6-m/nofp/libg.a(libc_a-lcltime_r.o) (__month_lengths)
/home/jamescathcart/.pico-sdk/toolchain/13_2_Rel1/bin/../lib/gcc/arm-none-eabi/13.2.1/../../../../arm-none-eabi/lib/thumb/v6-m/nofp/libg.a(libc_a-tzcalc_limits.o)
                              /home/jamescathcart/.pico-sdk/toolchain/13_2_Rel1/bin/../lib/gcc/arm-none-eabi/13.2.1/../../../../arm-none-eabi/lib/thumb/v6-m/nofp/libg.a(libc_a-lcltime_r.o) (__tzcalc_limits)
/home/jamescathcart/.pico-sdk/toolchain/13_2_Rel1/bin/../lib/gcc/arm-none-eabi/13.2.1/../../../../arm-none-eabi/lib/thumb/v6-m/nofp/libg.a(libc_a-tzlock.o)
                              /home/jamescathcart/.pico-sdk/toolchain/13_2_Rel1/bin/../lib/gcc/arm-none-eabi/13.2.1/../../../../arm-none-eabi/lib/thumb/v6-m/nofp/libg.a(libc_a-lcltime_r.o) (__tz_lock)
/home/jamescathcart/.pico-sdk/toolchain/13_2_Rel1/bin/../lib/gcc/arm-none-eabi/13.2.1/../../../../arm-none-eabi/lib/thumb/v6-m/nofp/libg.a(libc_a-malloc.o)
                              CMakeFiles/blink.dir/home/jamescathcart/.pico-sdk/sdk/2.0.0/src/rp2_common/pico_malloc/malloc.c.obj (malloc)
/home/jamescathcart/.pico-sdk/toolchain/13_2_Rel1/bin/../lib/gcc/arm-none-eabi/13.2.1/../../../../arm-none-eabi/lib/thumb/v6-m/nofp/libg.a(libc_a-mallocr.o)
                              /home/jamescathcart/.pico-sdk/toolchain/13_2_Rel1/bin/../lib/gcc/arm-none-eabi/13.2.1/../../../../arm-none-eabi/lib/thumb/v6-m/nofp/libg.a(libc_a-malloc.o) (_malloc_r)
/home/jamescathcart/.pico-sdk/toolchain/13_2_Rel1/bin/../lib/gcc/arm-none-eabi/13.2.1/../../../../arm-none-eabi/lib/thumb/v6-m/nofp/libg.a(libc_a-memcmp.o)
                              CMakeFiles/blink.dir/home/jamescathcart/.pico-sdk/sdk/2.0.0/src/rp2_common/pico_atomic/atomic.c.obj (memcmp)
/home/jamescathcart/.pico-sdk/toolchain/13_2_Rel1/bin/../lib/gcc/arm-none-eabi/13.2.1/../../../../arm-none-eabi/lib/thumb/v6-m/nofp/libg.a(libc_a-tzset.o)
                              /home/jamescathcart/.pico-sdk/toolchain/13_2_Rel1/bin/../lib/gcc/arm-none-eabi/13.2.1/../../../../arm-none-eabi/lib/thumb/v6-m/nofp/libg.a(libc_a-lcltime_r.o) (_tzset_unlocked)
/home/jamescathcart/.pico-sdk/toolchain/13_2_Rel1/bin/../lib/gcc/arm-none-eabi/13.2.1/../../../../arm-none-eabi/lib/thumb/v6-m/nofp/libg.a(libc_a-tzset_r.o)
                              /home/jamescathcart/.pico-sdk/toolchain/13_2_Rel1/bin/../lib/gcc/arm-none-eabi/13.2.1/../../../../arm-none-eabi/lib/thumb/v6-m/nofp/libg.a(libc_a-tzset.o) (_tzset_unlocked_r)
/home/jamescathcart/.pico-sdk/toolchain/13_2_Rel1/bin/../lib/gcc/arm-none-eabi/13.2.1/../../../../arm-none-eabi/lib/thumb/v6-m/nofp/libg.a(libc_a-init.o)
                              /home/jamescathcart/.pico-sdk/toolchain/13_2_Rel1/bin/../lib/gcc/arm-none-eabi/13.2.1/../../../../arm-none-eabi/lib/thumb/v6-m/nofp/crt0.o (__libc_init_array)
/home/jamescathcart/.pico-sdk/toolchain/13_2_Rel1/bin/../lib/gcc/arm-none-eabi/13.2.1/../../../../arm-none-eabi/lib/thumb/v6-m/nofp/libg.a(libc_a-tzvars.o)
                              /home/jamescathcart/.pico-sdk/toolchain/13_2_Rel1/bin/../lib/gcc/arm-none-eabi/13.2.1/../../../../arm-none-eabi/lib/thumb/v6-m/nofp/libg.a(libc_a-tzset_r.o) (_timezone)
/home/jamescathcart/.pico-sdk/toolchain/13_2_Rel1/bin/../lib/gcc/arm-none-eabi/13.2.1/../../../../arm-none-eabi/lib/thumb/v6-m/nofp/libg.a(libc_a-lock.o)
                              /home/jamescathcart/.pico-sdk/toolchain/13_2_Rel1/bin/../lib/gcc/arm-none-eabi/13.2.1/../../../../arm-none-eabi/lib/thumb/v6-m/nofp/libg.a(libc_a-tzlock.o) (__retarget_lock_acquire)
/home/jamescathcart/.pico-sdk/toolchain/13_2_Rel1/bin/../lib/gcc/arm-none-eabi/13.2.1/../../../../arm-none-eabi/lib/thumb/v6-m/nofp/libg.a(libc_a-sysconf.o)
[...]
Memory Configuration

Name             Origin             Length             Attributes
FLASH            0x10000000         0x00200000         xr
RAM              0x20000000         0x00040000         xrw
SCRATCH_X        0x20040000         0x00001000         xrw
SCRATCH_Y        0x20041000         0x00001000         xrw
*default*        0x00000000         0xffffffff

Linker script and memory map

LOAD /home/jamescathcart/.pico-sdk/toolchain/13_2_Rel1/bin/../lib/gcc/arm-none-eabi/13.2.1/thumb/v6-m/nofp/crti.o
LOAD /home/jamescathcart/.pico-sdk/toolchain/13_2_Rel1/bin/../lib/gcc/arm-none-eabi/13.2.1/thumb/v6-m/nofp/crtbegin.o
LOAD /home/jamescathcart/.pico-sdk/toolchain/13_2_Rel1/bin/../lib/gcc/arm-none-eabi/13.2.1/../../../../arm-none-eabi/lib/thumb/v6-m/nofp/crt0.o

.flash_begin    0x10000000        0x0
                0x10000000                        __flash_binary_start = .

.boot2          0x10000000      0x100
                0x10000000                        __boot2_start__ = .
 *(.boot2)
 .boot2         0x10000000      0x100 /tmp/ccnFf6It.o
                0x10000100                        __boot2_end__ = .
                0x00000001                        ASSERT (((__boot2_end__ - __boot2_start__) == 0x100), ERROR: Pico second stage bootloader must be 256 bytes in size)

.text           0x10000100     0x3528
                0x10000100                        __logical_binary_start = .
 *(.vectors)
 .vectors       0x10000100       0xd4 CMakeFiles/blink.dir/home/jamescathcart/.pico-sdk/sdk/2.0.0/src/rp2_common/pico_crt0/crt0.S.obj
                0x10000100                __vectors
                0x10000100                __VECTOR_TABLE
                0x100001c0                isr_invalid
                0x100001c0                __default_isrs_start
                0x100001c2                isr_nmi
                0x100001c4                isr_hardfault
                0x100001c6                isr_svcall
                0x100001c8                isr_pendsv
                0x100001ca                isr_systick
                0x100001cc                isr_irq30
                0x100001cc                __unhandled_user_irq
                0x100001cc                isr_irq13
                0x100001cc                isr_irq27
                0x100001cc                isr_irq31
                0x100001cc                isr_irq5
                0x100001cc                isr_irq11
                0x100001cc                isr_irq23
                0x100001cc                isr_irq18
                0x100001cc                isr_irq28
                0x100001cc                isr_irq19
                0x100001cc                isr_irq0
                0x100001cc                isr_irq6
                0x100001cc                isr_irq22
                0x100001cc                isr_irq17
                0x100001cc                isr_irq14
                0x100001cc                isr_irq2
                0x100001cc                isr_irq10
                0x100001cc                isr_irq8
                0x100001cc                isr_irq24
                0x100001cc                isr_irq1
                0x100001cc                isr_irq7
                0x100001cc                isr_irq21
                0x100001cc                isr_irq20
                0x100001cc                isr_irq15
                0x100001cc                isr_irq25
                0x100001cc                isr_irq4
                0x100001cc                isr_irq16
                0x100001cc                isr_irq29
                0x100001cc                isr_irq26
                0x100001cc                __default_isrs_end
                0x100001cc                isr_irq3
                0x100001cc                isr_irq12
                0x100001cc                isr_irq9
                0x100001d2                unhandled_user_irq_num_in_r0
 *(.binary_info_header)
 .binary_info_header
                0x100001d4       0x14 CMakeFiles/blink.dir/home/jamescathcart/.pico-sdk/sdk/2.0.0/src/rp2_common/pico_crt0/crt0.S.obj
                0x100001e8                        __binary_info_header_end = .
 *(.embedded_block)
                0x100001e8                        __embedded_block_end = .
 *(.reset)
 .reset         0x100001e8       0x9c CMakeFiles/blink.dir/home/jamescathcart/.pico-sdk/sdk/2.0.0/src/rp2_common/pico_crt0/crt0.S.obj
                0x100001e8                _entry_point
 *(.init)
 .init          0x10000284        0x4 /home/jamescathcart/.pico-sdk/toolchain/13_2_Rel1/bin/../lib/gcc/arm-none-eabi/13.2.1/thumb/v6-m/nofp/crti.o
                0x10000284                _init
 *(EXCLUDE_FILE(*libm.a: *libc.a:*lib_a-mem*.o *libgcc.a:) .text*)
 .text.register_tm_clones
                0x10000288       0x28 /home/jamescathcart/.pico-sdk/toolchain/13_2_Rel1/bin/../lib/gcc/arm-none-eabi/13.2.1/thumb/v6-m/nofp/crtbegin.o
 .text.frame_dummy
                0x100002b0       0x24 /home/jamescathcart/.pico-sdk/toolchain/13_2_Rel1/bin/../lib/gcc/arm-none-eabi/13.2.1/thumb/v6-m/nofp/crtbegin.o
 .text.pico_led_init
                0x100002d4       0x22 CMakeFiles/blink.dir/blink.c.obj
                0x100002d4                pico_led_init
 .text.pico_set_led
                0x100002f6       0x1c CMakeFiles/blink.dir/blink.c.obj
                0x100002f6                pico_set_led
 .text.green_led_set
                0x10000312       0x1c CMakeFiles/blink.dir/blink.c.obj
                0x10000312                green_led_set
 *fill*         0x1000032e        0x2 
 .text.main     0x10000330       0x4c CMakeFiles/blink.dir/blink.c.obj
                0x10000330                main
 .text.gpio_set_function
                0x1000037c       0x34 CMakeFiles/blink.dir/home/jamescathcart/.pico-sdk/sdk/2.0.0/src/rp2_common/hardware_gpio/gpio.c.obj
                0x1000037c                gpio_set_function
 .text.gpio_init
                0x100003b0       0x16 CMakeFiles/blink.dir/home/jamescathcart/.pico-sdk/sdk/2.0.0/src/rp2_common/hardware_gpio/gpio.c.obj
                0x100003b0                gpio_init
 *fill*         0x100003c6        0x2 
 .text.panic    0x100003c8       0x30 CMakeFiles/blink.dir/home/jamescathcart/.pico-sdk/sdk/2.0.0/src/rp2_common/pico_platform_panic/panic.c.obj
                0x100003c8                panic
 .text.hw_claim_lock
                0x100003f8       0x18 CMakeFiles/blink.dir/home/jamescathcart/.pico-sdk/sdk/2.0.0/src/common/hardware_claim/claim.c.obj
                0x100003f8                hw_claim_lock
 .text.hw_claim_unlock
                0x10000410       0x14 CMakeFiles/blink.dir/home/jamescathcart/.pico-sdk/sdk/2.0.0/src/common/hardware_claim/claim.c.obj
                0x10000410                hw_claim_unlock
 .text.hw_claim_or_assert
                0x10000424       0x32 CMakeFiles/blink.dir/home/jamescathcart/.pico-sdk/sdk/2.0.0/src/common/hardware_claim/claim.c.obj
                0x10000424                hw_claim_or_assert
 *fill*         0x10000456        0x2 
 .text.next_striped_spin_lock_num
                0x10000458       0x1c CMakeFiles/blink.dir/home/jamescathcart/.pico-sdk/sdk/2.0.0/src/rp2_common/hardware_sync/sync.c.obj
                0x10000458                next_striped_spin_lock_num
 .text.spin_locks_reset
                0x10000474       0x20 CMakeFiles/blink.dir/home/jamescathcart/.pico-sdk/sdk/2.0.0/src/rp2_common/hardware_sync_spin_lock/sync_spin_lock.c.obj
                0x10000474                spin_locks_reset
 .text.set_raw_irq_handler_and_unlock
                0x10000494       0x28 CMakeFiles/blink.dir/home/jamescathcart/.pico-sdk/sdk/2.0.0/src/rp2_common/hardware_irq/irq.c.obj
 .text.nvic_ipr0
                0x100004bc        0x8 CMakeFiles/blink.dir/home/jamescathcart/.pico-sdk/sdk/2.0.0/src/rp2_common/hardware_irq/irq.c.obj
 .text.runtime_init_per_core_irq_priorities
                0x100004c4       0x1c CMakeFiles/blink.dir/home/jamescathcart/.pico-sdk/sdk/2.0.0/src/rp2_common/hardware_irq/irq.c.obj
                0x100004c4                runtime_init_per_core_irq_priorities
 .text.irq_set_mask_n_enabled
                0x100004e0       0x1c CMakeFiles/blink.dir/home/jamescathcart/.pico-sdk/sdk/2.0.0/src/rp2_common/hardware_irq/irq.c.obj
                0x100004e0                irq_set_mask_n_enabled
 .text.irq_set_enabled
                0x100004fc       0x14 CMakeFiles/blink.dir/home/jamescathcart/.pico-sdk/sdk/2.0.0/src/rp2_common/hardware_irq/irq.c.obj
                0x100004fc                irq_set_enabled
 .text.irq_get_vtable_handler
                0x10000510       0x10 CMakeFiles/blink.dir/home/jamescathcart/.pico-sdk/sdk/2.0.0/src/rp2_common/hardware_irq/irq.c.obj
                0x10000510                irq_get_vtable_handler
 .text.irq_set_exclusive_handler
                0x10000520       0x54 CMakeFiles/blink.dir/home/jamescathcart/.pico-sdk/sdk/2.0.0/src/rp2_common/hardware_irq/irq.c.obj
                0x10000520                irq_set_exclusive_handler
 .text.lock_init
                0x10000574       0x10 CMakeFiles/blink.dir/home/jamescathcart/.pico-sdk/sdk/2.0.0/src/common/pico_sync/lock_core.c.obj
                0x10000574                lock_init
 .text.mutex_init
                0x10000584       0x1a CMakeFiles/blink.dir/home/jamescathcart/.pico-sdk/sdk/2.0.0/src/common/pico_sync/mutex.c.obj
                0x10000584                mutex_init
 .text.recursive_mutex_init
                0x1000059e       0x1e CMakeFiles/blink.dir/home/jamescathcart/.pico-sdk/sdk/2.0.0/src/common/pico_sync/mutex.c.obj
                0x1000059e                recursive_mutex_init
 .text.runtime_init_mutex
                0x100005bc       0x4c CMakeFiles/blink.dir/home/jamescathcart/.pico-sdk/sdk/2.0.0/src/common/pico_sync/mutex.c.obj
                0x100005bc                runtime_init_mutex
 .text.make_alarm_id
                0x10000608        0x6 CMakeFiles/blink.dir/home/jamescathcart/.pico-sdk/sdk/2.0.0/src/common/pico_time/time.c.obj
 *fill*         0x1000060e        0x2 
 .text.sleep_until_callback
                0x10000610       0x30 CMakeFiles/blink.dir/home/jamescathcart/.pico-sdk/sdk/2.0.0/src/common/pico_time/time.c.obj
 .text.alarm_pool_irq_handler
                0x10000640      0x2e0 CMakeFiles/blink.dir/home/jamescathcart/.pico-sdk/sdk/2.0.0/src/common/pico_time/time.c.obj
 .text.ta_enable_irq_handler
                0x10000920       0x2c CMakeFiles/blink.dir/home/jamescathcart/.pico-sdk/sdk/2.0.0/src/common/pico_time/time.c.obj
 .text.alarm_pool_post_alloc_init
                0x1000094c       0x78 CMakeFiles/blink.dir/home/jamescathcart/.pico-sdk/sdk/2.0.0/src/common/pico_time/time.c.obj
 .text.alarm_pool_get_default
                0x100009c4       0x2c CMakeFiles/blink.dir/home/jamescathcart/.pico-sdk/sdk/2.0.0/src/common/pico_time/time.c.obj
                0x100009c4                alarm_pool_get_default
 .text.alarm_pool_add_alarm_at_force_in_context
                0x100009f0       0xa4 CMakeFiles/blink.dir/home/jamescathcart/.pico-sdk/sdk/2.0.0/src/common/pico_time/time.c.obj
                0x100009f0                alarm_pool_add_alarm_at_force_in_context
 .text.alarm_pool_add_alarm_at
                0x10000a94       0x3c CMakeFiles/blink.dir/home/jamescathcart/.pico-sdk/sdk/2.0.0/src/common/pico_time/time.c.obj
                0x10000a94                alarm_pool_add_alarm_at
 .text.add_alarm_at
                0x10000ad0       0x2e CMakeFiles/blink.dir/home/jamescathcart/.pico-sdk/sdk/2.0.0/src/common/pico_time/time.c.obj
 *fill*         0x10000afe        0x2 
 .text.alarm_pool_cancel_alarm
                0x10000b00       0x78 CMakeFiles/blink.dir/home/jamescathcart/.pico-sdk/sdk/2.0.0/src/common/pico_time/time.c.obj
                0x10000b00                alarm_pool_cancel_alarm
 .text.cancel_alarm
                0x10000b78       0x10 CMakeFiles/blink.dir/home/jamescathcart/.pico-sdk/sdk/2.0.0/src/common/pico_time/time.c.obj
 .text.sleep_until
                0x10000b88       0xc0 CMakeFiles/blink.dir/home/jamescathcart/.pico-sdk/sdk/2.0.0/src/common/pico_time/time.c.obj
                0x10000b88                sleep_until
 .text.sleep_us
                0x10000c48       0x24 CMakeFiles/blink.dir/home/jamescathcart/.pico-sdk/sdk/2.0.0/src/common/pico_time/time.c.obj
                0x10000c48                sleep_us
 .text.sleep_ms
                0x10000c6c       0x14 CMakeFiles/blink.dir/home/jamescathcart/.pico-sdk/sdk/2.0.0/src/common/pico_time/time.c.obj
                0x10000c6c                sleep_ms
 .text.best_effort_wfe_or_timeout
                0x10000c80       0xc4 CMakeFiles/blink.dir/home/jamescathcart/.pico-sdk/sdk/2.0.0/src/common/pico_time/time.c.obj
                0x10000c80                best_effort_wfe_or_timeout
 .text.alarm_pool_get_default_timer
                0x10000d44        0x8 CMakeFiles/blink.dir/home/jamescathcart/.pico-sdk/sdk/2.0.0/src/common/pico_time/time.c.obj
                0x10000d44                alarm_pool_get_default_timer
 .text.runtime_init_default_alarm_pool
                0x10000d4c       0x38 CMakeFiles/blink.dir/home/jamescathcart/.pico-sdk/sdk/2.0.0/src/common/pico_time/time.c.obj
                0x10000d4c                runtime_init_default_alarm_pool
 .text.timer_hardware_alarm_claim
                0x10000d84       0x14 CMakeFiles/blink.dir/home/jamescathcart/.pico-sdk/sdk/2.0.0/src/rp2_common/hardware_timer/timer.c.obj
                0x10000d84                timer_hardware_alarm_claim
 .text.timer_time_us_64
                0x10000d98       0x10 CMakeFiles/blink.dir/home/jamescathcart/.pico-sdk/sdk/2.0.0/src/rp2_common/hardware_timer/timer.c.obj
                0x10000d98                timer_time_us_64
 .text.timer_busy_wait_until
                0x10000da8       0x1a CMakeFiles/blink.dir/home/jamescathcart/.pico-sdk/sdk/2.0.0/src/rp2_common/hardware_timer/timer.c.obj
                0x10000da8                timer_busy_wait_until
 *fill*         0x10000dc2        0x2 
 .text.time_us_64
                0x10000dc4       0x10 CMakeFiles/blink.dir/home/jamescathcart/.pico-sdk/sdk/2.0.0/src/rp2_common/hardware_timer/timer.c.obj
                0x10000dc4                time_us_64
 .text.busy_wait_until
                0x10000dd4       0x14 CMakeFiles/blink.dir/home/jamescathcart/.pico-sdk/sdk/2.0.0/src/rp2_common/hardware_timer/timer.c.obj
                0x10000dd4                busy_wait_until
 .text.clock_configure_internal
                0x10000de8       0xc4 CMakeFiles/blink.dir/home/jamescathcart/.pico-sdk/sdk/2.0.0/src/rp2_common/hardware_clocks/clocks.c.obj
 .text.clock_configure_int_divider
                0x10000eac       0x28 CMakeFiles/blink.dir/home/jamescathcart/.pico-sdk/sdk/2.0.0/src/rp2_common/hardware_clocks/clocks.c.obj
                0x10000eac                clock_configure_int_divider
 .text.clock_configure_undivided
                0x10000ed4       0x12 CMakeFiles/blink.dir/home/jamescathcart/.pico-sdk/sdk/2.0.0/src/rp2_common/hardware_clocks/clocks.c.obj
                0x10000ed4                clock_configure_undivided
 *fill*         0x10000ee6        0x2 
 .text.clock_get_hz
                0x10000ee8        0xc CMakeFiles/blink.dir/home/jamescathcart/.pico-sdk/sdk/2.0.0/src/rp2_common/hardware_clocks/clocks.c.obj
                0x10000ee8                clock_get_hz
 .text.pll_init
                0x10000ef4      0x124 CMakeFiles/blink.dir/home/jamescathcart/.pico-sdk/sdk/2.0.0/src/rp2_common/hardware_pll/pll.c.obj
                0x10000ef4                pll_init
 .text.tick_start
                0x10001018       0x10 CMakeFiles/blink.dir/home/jamescathcart/.pico-sdk/sdk/2.0.0/src/rp2_common/hardware_ticks/ticks.c.obj
                0x10001018                tick_start
 .text.xosc_init
                0x10001028       0x28 CMakeFiles/blink.dir/home/jamescathcart/.pico-sdk/sdk/2.0.0/src/rp2_common/hardware_xosc/xosc.c.obj
                0x10001028                xosc_init
 .text.runtime_run_initializers_from
                0x10001050       0x18 CMakeFiles/blink.dir/home/jamescathcart/.pico-sdk/sdk/2.0.0/src/rp2_common/pico_runtime/runtime.c.obj
 .text.first_per_core_initializer
                0x10001068        0x2 CMakeFiles/blink.dir/home/jamescathcart/.pico-sdk/sdk/2.0.0/src/rp2_common/pico_runtime/runtime.c.obj
 *fill*         0x1000106a        0x2 
 .text.runtime_run_initializers
                0x1000106c       0x10 CMakeFiles/blink.dir/home/jamescathcart/.pico-sdk/sdk/2.0.0/src/rp2_common/pico_runtime/runtime.c.obj
                0x1000106c                runtime_run_initializers
 .text.runtime_init_early_resets
                0x1000107c       0x2c CMakeFiles/blink.dir/home/jamescathcart/.pico-sdk/sdk/2.0.0/src/rp2_common/pico_runtime_init/runtime_init.c.obj
                0x1000107c                runtime_init_early_resets
 .text.runtime_init_usb_power_down
                0x100010a8       0x1c CMakeFiles/blink.dir/home/jamescathcart/.pico-sdk/sdk/2.0.0/src/rp2_common/pico_runtime_init/runtime_init.c.obj
                0x100010a8                runtime_init_usb_power_down
 .text.runtime_init_post_clock_resets
                0x100010c4       0x20 CMakeFiles/blink.dir/home/jamescathcart/.pico-sdk/sdk/2.0.0/src/rp2_common/pico_runtime_init/runtime_init.c.obj
                0x100010c4                runtime_init_post_clock_resets
 .text.runtime_init_rp2040_gpio_ie_disable
                0x100010e4       0x14 CMakeFiles/blink.dir/home/jamescathcart/.pico-sdk/sdk/2.0.0/src/rp2_common/pico_runtime_init/runtime_init.c.obj
                0x100010e4                runtime_init_rp2040_gpio_ie_disable
 .text.runtime_init_spin_locks_reset
                0x100010f8        0x8 CMakeFiles/blink.dir/home/jamescathcart/.pico-sdk/sdk/2.0.0/src/rp2_common/pico_runtime_init/runtime_init.c.obj
                0x100010f8                runtime_init_spin_locks_reset
 .text.runtime_init_install_ram_vector_table
                0x10001100       0x1c CMakeFiles/blink.dir/home/jamescathcart/.pico-sdk/sdk/2.0.0/src/rp2_common/pico_runtime_init/runtime_init.c.obj
                0x10001100                runtime_init_install_ram_vector_table
 .text.start_all_ticks
                0x1000111c       0x28 CMakeFiles/blink.dir/home/jamescathcart/.pico-sdk/sdk/2.0.0/src/rp2_common/pico_runtime_init/runtime_init_clocks.c.obj
 .text.runtime_init_clocks
                0x10001144       0xcc CMakeFiles/blink.dir/home/jamescathcart/.pico-sdk/sdk/2.0.0/src/rp2_common/pico_runtime_init/runtime_init_clocks.c.obj
                0x10001144                runtime_init_clocks
 .text          0x10001210       0x10 CMakeFiles/blink.dir/home/jamescathcart/.pico-sdk/sdk/2.0.0/src/rp2_common/pico_bit_ops/bit_ops_aeabi.S.obj
 .text.rom_func_lookup
                0x10001220       0x10 CMakeFiles/blink.dir/home/jamescathcart/.pico-sdk/sdk/2.0.0/src/rp2_common/pico_bootrom/bootrom.c.obj
                0x10001220                rom_func_lookup
 .text.rom_data_lookup
                0x10001230       0x10 CMakeFiles/blink.dir/home/jamescathcart/.pico-sdk/sdk/2.0.0/src/rp2_common/pico_bootrom/bootrom.c.obj
                0x10001230                rom_data_lookup
 .text.rom_funcs_lookup
                0x10001240       0x36 CMakeFiles/blink.dir/home/jamescathcart/.pico-sdk/sdk/2.0.0/src/rp2_common/pico_bootrom/bootrom.c.obj
                0x10001240                rom_funcs_lookup
 *fill*         0x10001276        0x2 
 .text.__wrap___aeabi_idiv
                0x10001278       0x50 CMakeFiles/blink.dir/home/jamescathcart/.pico-sdk/sdk/2.0.0/src/rp2_common/pico_divider/divider_hardware.S.obj
                0x10001278                __wrap___aeabi_idivmod
                0x10001278                divmod_s32s32
                0x10001278                div_s32s32
                0x10001278                __wrap___aeabi_idiv
                0x10001280                divmod_s32s32_unsafe
                0x100012ac                divmod_s32s32_savestate
 .text.__wrap___aeabi_uidiv
                0x100012c8       0x4c CMakeFiles/blink.dir/home/jamescathcart/.pico-sdk/sdk/2.0.0/src/rp2_common/pico_divider/divider_hardware.S.obj
                0x100012c8                __wrap___aeabi_uidiv
                0x100012c8                __wrap___aeabi_uidivmod
                0x100012c8                div_u32u32
                0x100012c8                divmod_u32u32
                0x100012d0                divmod_u32u32_unsafe
                0x100012f8                divmod_u32u32_savestate
 .text.__wrap___aeabi_ldiv
                0x10001314      0x424 CMakeFiles/blink.dir/home/jamescathcart/.pico-sdk/sdk/2.0.0/src/rp2_common/pico_divider/divider_hardware.S.obj
                0x10001314                div_s64s64
                0x10001314                divmod_s64s64
                0x10001314                __wrap___aeabi_ldivmod
                0x10001344                div_u64u64
                0x10001344                divmod_u64u64
                0x10001344                __wrap___aeabi_uldivmod
                0x10001354                divmod_u64u64_savestate
                0x10001374                divmod_s64s64_unsafe
                0x100013fc                divmod_u64u64_unsafe
 .text.__wrap___aeabi_darithmetic
                0x10001738       0x80 CMakeFiles/blink.dir/home/jamescathcart/.pico-sdk/sdk/2.0.0/src/rp2_common/pico_double/double_aeabi_rp2040.S.obj
                0x10001738                __wrap___aeabi_drsub
                0x1000173e                __wrap___aeabi_dsub
                0x10001750                __wrap___aeabi_dadd
                0x10001762                __wrap___aeabi_ddiv
                0x1000179e                __wrap___aeabi_dmul
 .text.__wrap___aeabi_cdcmple
                0x100017b8       0x6c CMakeFiles/blink.dir/home/jamescathcart/.pico-sdk/sdk/2.0.0/src/rp2_common/pico_double/double_aeabi_rp2040.S.obj
                0x100017b8                __wrap___aeabi_cdrcmple
                0x100017c8                __wrap___aeabi_cdcmple
                0x100017c8                __wrap___aeabi_cdcmpeq
 .text.__wrap___aeabi_dcmplt
                0x10001824        0xc CMakeFiles/blink.dir/home/jamescathcart/.pico-sdk/sdk/2.0.0/src/rp2_common/pico_double/double_aeabi_rp2040.S.obj
                0x10001824                __wrap___aeabi_dcmplt
 .text.__wrap___aeabi_dcmple
                0x10001830       0x10 CMakeFiles/blink.dir/home/jamescathcart/.pico-sdk/sdk/2.0.0/src/rp2_common/pico_double/double_aeabi_rp2040.S.obj
                0x10001830                __wrap___aeabi_dcmple
 .text.__wrap___aeabi_dcmpge
                0x10001840       0x10 CMakeFiles/blink.dir/home/jamescathcart/.pico-sdk/sdk/2.0.0/src/rp2_common/pico_double/double_aeabi_rp2040.S.obj
                0x10001840                __wrap___aeabi_dcmpge
 .text.__wrap___aeabi_dcmpgt
                0x10001850        0xa CMakeFiles/blink.dir/home/jamescathcart/.pico-sdk/sdk/2.0.0/src/rp2_common/pico_double/double_aeabi_rp2040.S.obj
                0x10001850                __wrap___aeabi_dcmpgt
 .text.__wrap___aeabi_dcmpun
                0x1000185a       0x18 CMakeFiles/blink.dir/home/jamescathcart/.pico-sdk/sdk/2.0.0/src/rp2_common/pico_double/double_aeabi_rp2040.S.obj
                0x1000185a                __wrap___aeabi_dcmpun
 *fill*         0x10001872        0x2 
 .text.__wrap___aeabi_i2d
                0x10001874       0x38 CMakeFiles/blink.dir/home/jamescathcart/.pico-sdk/sdk/2.0.0/src/rp2_common/pico_double/double_aeabi_rp2040.S.obj
                0x10001874                __wrap___aeabi_ui2d
                0x1000187c                __wrap___aeabi_i2d
 .text.__wrap___aeabi_d2iz
                0x100018ac       0x48 CMakeFiles/blink.dir/home/jamescathcart/.pico-sdk/sdk/2.0.0/src/rp2_common/pico_double/double_aeabi_rp2040.S.obj
                0x100018ac                __wrap___aeabi_d2iz
                0x100018ac                double2int_z
 .text.__wrap___aeabi_d2uiz
                0x100018f4       0x18 CMakeFiles/blink.dir/home/jamescathcart/.pico-sdk/sdk/2.0.0/src/rp2_common/pico_double/double_aeabi_rp2040.S.obj
                0x100018f4                double2uint
                0x100018f4                __wrap___aeabi_d2uiz
 .text.__aeabi_double_init
                0x1000190c       0xcc CMakeFiles/blink.dir/home/jamescathcart/.pico-sdk/sdk/2.0.0/src/rp2_common/pico_double/double_init_rom_rp2040.c.obj
                0x1000190c                __aeabi_double_init
 .text.double_table_shim_on_use_helper
                0x100019d8       0x34 CMakeFiles/blink.dir/home/jamescathcart/.pico-sdk/sdk/2.0.0/src/rp2_common/pico_double/double_v1_rom_shim_rp2040.S.obj
                0x100019d8                double_table_shim_on_use_helper
 .text.__wrap___aeabi_dsub
                0x10001a0c       0x10 CMakeFiles/blink.dir/home/jamescathcart/.pico-sdk/sdk/2.0.0/src/rp2_common/pico_double/double_v1_rom_shim_rp2040.S.obj
                0x10001a0c                drsub_shim
                0x10001a12                dsub_shim
 .text.dadd_shim
                0x10001a1c      0x15c CMakeFiles/blink.dir/home/jamescathcart/.pico-sdk/sdk/2.0.0/src/rp2_common/pico_double/double_v1_rom_shim_rp2040.S.obj
                0x10001a1c                dadd_shim
 .text.dmul_shim
                0x10001b78      0x15c CMakeFiles/blink.dir/home/jamescathcart/.pico-sdk/sdk/2.0.0/src/rp2_common/pico_double/double_v1_rom_shim_rp2040.S.obj
                0x10001b78                dmul_shim
 .text.ddiv_shim
                0x10001cd4      0x1b0 CMakeFiles/blink.dir/home/jamescathcart/.pico-sdk/sdk/2.0.0/src/rp2_common/pico_double/double_v1_rom_shim_rp2040.S.obj
                0x10001cd4                ddiv_shim
 .text.double2uint_shim
                0x10001e84        0xe CMakeFiles/blink.dir/home/jamescathcart/.pico-sdk/sdk/2.0.0/src/rp2_common/pico_double/double_v1_rom_shim_rp2040.S.obj
                0x10001e84                double2uint_shim
                0x10001e86                double2ufix_shim
 *fill*         0x10001e92        0x2 
 .text.double2uint64_shim
                0x10001e94       0x70 CMakeFiles/blink.dir/home/jamescathcart/.pico-sdk/sdk/2.0.0/src/rp2_common/pico_double/double_v1_rom_shim_rp2040.S.obj
                0x10001e94                double2uint64_shim
                0x10001e96                double2ufix64_shim
                0x10001eb6                d2fix_a
 .text.dunpacks
                0x10001f04       0x3c CMakeFiles/blink.dir/home/jamescathcart/.pico-sdk/sdk/2.0.0/src/rp2_common/pico_double/double_v1_rom_shim_rp2040.S.obj
                0x10001f04                dunpacks
 .text.__aeabi_lmul
                0x10001f40       0x32 CMakeFiles/blink.dir/home/jamescathcart/.pico-sdk/sdk/2.0.0/src/rp2_common/pico_int64_ops/pico_int64_ops_aeabi.S.obj
                0x10001f40                __wrap___aeabi_lmul
 *fill*         0x10001f72        0x2 
 .text.__aeabi_float_init
                0x10001f74       0xfc CMakeFiles/blink.dir/home/jamescathcart/.pico-sdk/sdk/2.0.0/src/rp2_common/pico_float/float_init_rom_rp2040.c.obj
                0x10001f74                __aeabi_float_init
 .text.float_table_shim_on_use_helper
                0x10002070       0x34 CMakeFiles/blink.dir/home/jamescathcart/.pico-sdk/sdk/2.0.0/src/rp2_common/pico_float/float_v1_rom_shim_rp2040.S.obj
                0x10002070                float_table_shim_on_use_helper
 .text          0x100020a4       0x10 CMakeFiles/blink.dir/home/jamescathcart/.pico-sdk/sdk/2.0.0/src/rp2_common/pico_mem_ops/mem_ops_aeabi.S.obj
                0x100020a4                __aeabi_mem_init
 .text.memcpy   0x100020b4        0xc CMakeFiles/blink.dir/home/jamescathcart/.pico-sdk/sdk/2.0.0/src/rp2_common/pico_mem_ops/mem_ops_aeabi.S.obj
                0x100020b4                __wrap___aeabi_memcpy
                0x100020b4                __wrap_memcpy
 .text._out_null
                0x100020c0        0x2 CMakeFiles/blink.dir/home/jamescathcart/.pico-sdk/sdk/2.0.0/src/rp2_common/pico_printf/printf.c.obj
 .text._out_fct
                0x100020c2        0xe CMakeFiles/blink.dir/home/jamescathcart/.pico-sdk/sdk/2.0.0/src/rp2_common/pico_printf/printf.c.obj
 .text._atoi    0x100020d0       0x24 CMakeFiles/blink.dir/home/jamescathcart/.pico-sdk/sdk/2.0.0/src/rp2_common/pico_printf/printf.c.obj
 .text._out_rev
                0x100020f4       0xae CMakeFiles/blink.dir/home/jamescathcart/.pico-sdk/sdk/2.0.0/src/rp2_common/pico_printf/printf.c.obj
 .text._ntoa_format
                0x100021a2      0x110 CMakeFiles/blink.dir/home/jamescathcart/.pico-sdk/sdk/2.0.0/src/rp2_common/pico_printf/printf.c.obj
 .text._ntoa_long
                0x100022b2       0xbc CMakeFiles/blink.dir/home/jamescathcart/.pico-sdk/sdk/2.0.0/src/rp2_common/pico_printf/printf.c.obj
 .text._ntoa_long_long
                0x1000236e      0x10e CMakeFiles/blink.dir/home/jamescathcart/.pico-sdk/sdk/2.0.0/src/rp2_common/pico_printf/printf.c.obj
 .text._etoa    0x1000247c      0x420 CMakeFiles/blink.dir/home/jamescathcart/.pico-sdk/sdk/2.0.0/src/rp2_common/pico_printf/printf.c.obj
 .text._ftoa    0x1000289c      0x354 CMakeFiles/blink.dir/home/jamescathcart/.pico-sdk/sdk/2.0.0/src/rp2_common/pico_printf/printf.c.obj
 .text._vsnprintf
                0x10002bf0      0x668 CMakeFiles/blink.dir/home/jamescathcart/.pico-sdk/sdk/2.0.0/src/rp2_common/pico_printf/printf.c.obj
 .text.vfctprintf
                0x10003258       0x20 CMakeFiles/blink.dir/home/jamescathcart/.pico-sdk/sdk/2.0.0/src/rp2_common/pico_printf/printf.c.obj
                0x10003258                vfctprintf
 .text._exit    0x10003278        0x4 CMakeFiles/blink.dir/home/jamescathcart/.pico-sdk/sdk/2.0.0/src/rp2_common/pico_clib_interface/newlib_interface.c.obj
                0x10003278                _exit
 .text.exit     0x1000327c        0x6 CMakeFiles/blink.dir/home/jamescathcart/.pico-sdk/sdk/2.0.0/src/rp2_common/pico_clib_interface/newlib_interface.c.obj
                0x1000327c                exit
 *fill*         0x10003282        0x2 
 .text.__assert_func
                0x10003284       0x38 CMakeFiles/blink.dir/home/jamescathcart/.pico-sdk/sdk/2.0.0/src/rp2_common/pico_clib_interface/newlib_interface.c.obj
                0x10003284                __assert_func
 .text.runtime_init
                0x100032bc       0x28 CMakeFiles/blink.dir/home/jamescathcart/.pico-sdk/sdk/2.0.0/src/rp2_common/pico_clib_interface/newlib_interface.c.obj
                0x100032bc                runtime_init
 .text.stdio_out_chars_no_crlf
                0x100032e4        0xe CMakeFiles/blink.dir/home/jamescathcart/.pico-sdk/sdk/2.0.0/src/rp2_common/pico_stdio/stdio.c.obj
 *fill*         0x100032f2        0x2 
 .text.stdio_out_chars_crlf
                0x100032f4       0x80 CMakeFiles/blink.dir/home/jamescathcart/.pico-sdk/sdk/2.0.0/src/rp2_common/pico_stdio/stdio.c.obj
 .text.stdio_stack_buffer_flush
                0x10003374       0x44 CMakeFiles/blink.dir/home/jamescathcart/.pico-sdk/sdk/2.0.0/src/rp2_common/pico_stdio/stdio.c.obj
 .text.stdio_buffered_printer
                0x100033b8       0x20 CMakeFiles/blink.dir/home/jamescathcart/.pico-sdk/sdk/2.0.0/src/rp2_common/pico_stdio/stdio.c.obj
 .text.stdout_serialize_begin
                0x100033d8       0x30 CMakeFiles/blink.dir/home/jamescathcart/.pico-sdk/sdk/2.0.0/src/rp2_common/pico_stdio/stdio.c.obj
                0x100033d8                stdout_serialize_begin
 .text.stdout_serialize_end
                0x10003408       0x10 CMakeFiles/blink.dir/home/jamescathcart/.pico-sdk/sdk/2.0.0/src/rp2_common/pico_stdio/stdio.c.obj
                0x10003408                stdout_serialize_end
 .text.stdio_put_string
                0x10003418       0x94 CMakeFiles/blink.dir/home/jamescathcart/.pico-sdk/sdk/2.0.0/src/rp2_common/pico_stdio/stdio.c.obj
                0x10003418                stdio_put_string
 .text.stdio_flush
                0x100034ac       0x20 CMakeFiles/blink.dir/home/jamescathcart/.pico-sdk/sdk/2.0.0/src/rp2_common/pico_stdio/stdio.c.obj
                0x100034ac                stdio_flush
 .text.__wrap_puts
                0x100034cc       0x1e CMakeFiles/blink.dir/home/jamescathcart/.pico-sdk/sdk/2.0.0/src/rp2_common/pico_stdio/stdio.c.obj
                0x100034cc                __wrap_puts
                0x100034cc                stdio_puts
 *fill*         0x100034ea        0x2 
 .text.__wrap_vprintf
                0x100034ec       0x40 CMakeFiles/blink.dir/home/jamescathcart/.pico-sdk/sdk/2.0.0/src/rp2_common/pico_stdio/stdio.c.obj
                0x100034ec                __wrap_vprintf
                0x100034ec                stdio_vprintf
 .text.__wrap_printf
                0x1000352c       0x18 CMakeFiles/blink.dir/home/jamescathcart/.pico-sdk/sdk/2.0.0/src/rp2_common/pico_stdio/stdio.c.obj
                0x1000352c                stdio_printf
                0x1000352c                __wrap_printf
 .text.strlen   0x10003544       0x5c /home/jamescathcart/.pico-sdk/toolchain/13_2_Rel1/bin/../lib/gcc/arm-none-eabi/13.2.1/../../../../arm-none-eabi/lib/thumb/v6-m/nofp/libg.a(libc_a-strlen-stub.o)
                0x10003544                strlen
 *(.fini)
 .fini          0x100035a0        0x4 /home/jamescathcart/.pico-sdk/toolchain/13_2_Rel1/bin/../lib/gcc/arm-none-eabi/13.2.1/thumb/v6-m/nofp/crti.o
                0x100035a0                _fini
 *fill*         0x100035a4        0x4 
 .fini.__stub   0x100035a8       0x40 linker stubs
 *crtbegin.o(.ctors)
 *crtbegin?.o(.ctors)
 *(EXCLUDE_FILE(*crtend.o *crtend?.o) .ctors)
 *(SORT_BY_NAME(.ctors.*))
 *(.ctors)
 *crtbegin.o(.dtors)
 *crtbegin?.o(.dtors)
 *(EXCLUDE_FILE(*crtend.o *crtend?.o) .dtors)
 *(SORT_BY_NAME(.dtors.*))
 *(.dtors)
                0x100035e8                        . = ALIGN (0x4)
                0x100035e8                        PROVIDE (__preinit_array_start = .)
 *(SORT_BY_NAME(.preinit_array.*))
 .preinit_array.00100
                0x100035e8        0x4 CMakeFiles/blink.dir/home/jamescathcart/.pico-sdk/sdk/2.0.0/src/rp2_common/pico_runtime_init/runtime_init.c.obj
                0x100035e8                __pre_init_runtime_init_early_resets
 .preinit_array.00101
                0x100035ec        0x4 CMakeFiles/blink.dir/home/jamescathcart/.pico-sdk/sdk/2.0.0/src/rp2_common/pico_runtime_init/runtime_init.c.obj
                0x100035ec                __pre_init_runtime_init_usb_power_down
 .preinit_array.00275
                0x100035f0        0x4 CMakeFiles/blink.dir/home/jamescathcart/.pico-sdk/sdk/2.0.0/src/rp2_common/pico_bit_ops/bit_ops_aeabi.S.obj
 .preinit_array.00300
                0x100035f4        0x4 CMakeFiles/blink.dir/home/jamescathcart/.pico-sdk/sdk/2.0.0/src/rp2_common/pico_mem_ops/mem_ops_aeabi.S.obj
 .preinit_array.00350
                0x100035f8        0x4 CMakeFiles/blink.dir/home/jamescathcart/.pico-sdk/sdk/2.0.0/src/rp2_common/pico_double/double_aeabi_rp2040.S.obj
 .preinit_array.00350
                0x100035fc        0x4 CMakeFiles/blink.dir/home/jamescathcart/.pico-sdk/sdk/2.0.0/src/rp2_common/pico_float/float_aeabi_rp2040.S.obj
 .preinit_array.00500
                0x10003600        0x4 CMakeFiles/blink.dir/home/jamescathcart/.pico-sdk/sdk/2.0.0/src/rp2_common/pico_runtime_init/runtime_init.c.obj
                0x10003600                __pre_init_runtime_init_clocks
 .preinit_array.00600
                0x10003604        0x4 CMakeFiles/blink.dir/home/jamescathcart/.pico-sdk/sdk/2.0.0/src/rp2_common/pico_runtime_init/runtime_init.c.obj
                0x10003604                __pre_init_runtime_init_post_clock_resets
 .preinit_array.00700
                0x10003608        0x4 CMakeFiles/blink.dir/home/jamescathcart/.pico-sdk/sdk/2.0.0/src/rp2_common/pico_runtime_init/runtime_init.c.obj
                0x10003608                __pre_init_runtime_init_rp2040_gpio_ie_disable
 .preinit_array.01000
                0x1000360c        0x4 CMakeFiles/blink.dir/home/jamescathcart/.pico-sdk/sdk/2.0.0/src/rp2_common/pico_runtime_init/runtime_init.c.obj
                0x1000360c                __pre_init_runtime_init_spin_locks_reset
 .preinit_array.01100
                0x10003610        0x4 CMakeFiles/blink.dir/home/jamescathcart/.pico-sdk/sdk/2.0.0/src/common/pico_sync/mutex.c.obj
                0x10003610                __pre_init_runtime_init_mutex
 .preinit_array.10080
                0x10003614        0x4 CMakeFiles/blink.dir/home/jamescathcart/.pico-sdk/sdk/2.0.0/src/rp2_common/pico_runtime_init/runtime_init.c.obj
                0x10003614                __pre_init_runtime_init_install_ram_vector_table
 .preinit_array.11000
                0x10003618        0x4 CMakeFiles/blink.dir/home/jamescathcart/.pico-sdk/sdk/2.0.0/src/common/pico_time/time.c.obj
                0x10003618                __pre_init_runtime_init_default_alarm_pool
 .preinit_array.YYYYY
                0x1000361c        0x4 CMakeFiles/blink.dir/home/jamescathcart/.pico-sdk/sdk/2.0.0/src/rp2_common/pico_runtime/runtime.c.obj
                0x1000361c                __pre_init_first_per_core_initializer
 .preinit_array.ZZZZZ.01200
                0x10003620        0x4 CMakeFiles/blink.dir/home/jamescathcart/.pico-sdk/sdk/2.0.0/src/rp2_common/hardware_irq/irq.c.obj
                0x10003620                __pre_init_runtime_init_per_core_irq_priorities
 *(.preinit_array)
                0x10003624                        PROVIDE (__preinit_array_end = .)
                0x10003624                        . = ALIGN (0x4)
                0x10003624                        PROVIDE (__init_array_start = .)
 *(SORT_BY_NAME(.init_array.*))
 *(.init_array)
 .init_array    0x10003624        0x4 /home/jamescathcart/.pico-sdk/toolchain/13_2_Rel1/bin/../lib/gcc/arm-none-eabi/13.2.1/thumb/v6-m/nofp/crtbegin.o
                0x10003628                        PROVIDE (__init_array_end = .)
                0x10003628                        . = ALIGN (0x4)
                [!provide]                        PROVIDE (__fini_array_start = .)
 *(SORT_BY_NAME(.fini_array.*))
 *(.fini_array)
                [!provide]                        PROVIDE (__fini_array_end = .)
 *(.eh_frame*)
 .eh_frame      0x10003628        0x0 /home/jamescathcart/.pico-sdk/toolchain/13_2_Rel1/bin/../lib/gcc/arm-none-eabi/13.2.1/thumb/v6-m/nofp/crtbegin.o
                0x10003628                        . = ALIGN (0x4)

.glue_7         0x10003628        0x0
 .glue_7        0x10003628        0x0 linker stubs

.glue_7t        0x10003628        0x0
 .glue_7t       0x10003628        0x0 linker stubs

.vfp11_veneer   0x10003628        0x0
 .vfp11_veneer  0x10003628        0x0 linker stubs

.v4_bx          0x10003628        0x0
 .v4_bx         0x10003628        0x0 linker stubs

.iplt           0x10003628        0x0
 .iplt          0x10003628        0x0 /home/jamescathcart/.pico-sdk/toolchain/13_2_Rel1/bin/../lib/gcc/arm-none-eabi/13.2.1/thumb/v6-m/nofp/crtbegin.o

.rodata         0x10003628      0x89c
 *(EXCLUDE_FILE(*libm.a: *libc.a:*lib_a-mem*.o *libgcc.a:) .rodata*)
 .rodata.main.str1.4
                0x10003628      0x59f CMakeFiles/blink.dir/blink.c.obj
                                 0x55 (size before relaxing)
 *fill*         0x10003bc7        0x1 
 .rodata.__func__.0
                0x10003bc8        0x5 CMakeFiles/blink.dir/blink.c.obj
 .rodata.panic.str1.4
                0x10003bcd       0x12 CMakeFiles/blink.dir/home/jamescathcart/.pico-sdk/sdk/2.0.0/src/rp2_common/pico_platform_panic/panic.c.obj
 .rodata.resolve_j_16.str1.4
                0x10003bcd       0x62 CMakeFiles/blink.dir/home/jamescathcart/.pico-sdk/sdk/2.0.0/src/rp2_common/hardware_irq/irq.c.obj
 .rodata.irq_set_exclusive_handler.str1.4
                0x10003bcd       0x36 CMakeFiles/blink.dir/home/jamescathcart/.pico-sdk/sdk/2.0.0/src/rp2_common/hardware_irq/irq.c.obj
 *fill*         0x10003bcd        0x3 
 .rodata.__func__.6
                0x10003bd0       0x1a CMakeFiles/blink.dir/home/jamescathcart/.pico-sdk/sdk/2.0.0/src/rp2_common/hardware_irq/irq.c.obj
 .rodata.runtime_init_mutex.str1.4
                0x10003bea       0x65 CMakeFiles/blink.dir/home/jamescathcart/.pico-sdk/sdk/2.0.0/src/common/pico_sync/mutex.c.obj
 .rodata.str1.4
                0x10003bea       0x51 CMakeFiles/blink.dir/home/jamescathcart/.pico-sdk/sdk/2.0.0/src/common/pico_sync/mutex.c.obj
 *fill*         0x10003bea        0x2 
 .rodata.__func__.1
                0x10003bec        0xb CMakeFiles/blink.dir/home/jamescathcart/.pico-sdk/sdk/2.0.0/src/common/pico_sync/mutex.c.obj
 *fill*         0x10003bf7        0x1 
 .rodata.__func__.3
                0x10003bf8       0x18 CMakeFiles/blink.dir/home/jamescathcart/.pico-sdk/sdk/2.0.0/src/common/pico_sync/mutex.c.obj
 .rodata.__func__.6
                0x10003c10       0x13 CMakeFiles/blink.dir/home/jamescathcart/.pico-sdk/sdk/2.0.0/src/common/pico_sync/mutex.c.obj
 .rodata.alarm_pool_irq_handler.str1.4
                0x10003c23       0x70 CMakeFiles/blink.dir/home/jamescathcart/.pico-sdk/sdk/2.0.0/src/common/pico_time/time.c.obj
 .rodata.alarm_pool_get_default.str1.4
                0x10003c23       0x21 CMakeFiles/blink.dir/home/jamescathcart/.pico-sdk/sdk/2.0.0/src/common/pico_time/time.c.obj
 .rodata.sleep_until.str1.4
                0x10003c23       0x4d CMakeFiles/blink.dir/home/jamescathcart/.pico-sdk/sdk/2.0.0/src/common/pico_time/time.c.obj
 *fill*         0x10003c23        0x1 
 .rodata.__func__.1
                0x10003c24       0x17 CMakeFiles/blink.dir/home/jamescathcart/.pico-sdk/sdk/2.0.0/src/common/pico_time/time.c.obj
 *fill*         0x10003c3b        0x1 
 .rodata.__func__.2
                0x10003c3c       0x17 CMakeFiles/blink.dir/home/jamescathcart/.pico-sdk/sdk/2.0.0/src/common/pico_time/time.c.obj
 .rodata.timer_hardware_alarm_claim.str1.4
                0x10003c53       0x22 CMakeFiles/blink.dir/home/jamescathcart/.pico-sdk/sdk/2.0.0/src/rp2_common/hardware_timer/timer.c.obj
 .rodata.pll_init.str1.4
                0x10003c53      0x120 CMakeFiles/blink.dir/home/jamescathcart/.pico-sdk/sdk/2.0.0/src/rp2_common/hardware_pll/pll.c.obj
 *fill*         0x10003c53        0x1 
 .rodata.__func__.0
                0x10003c54        0x9 CMakeFiles/blink.dir/home/jamescathcart/.pico-sdk/sdk/2.0.0/src/rp2_common/hardware_pll/pll.c.obj
 .rodata.__aeabi_double_init.str1.4
                0x10003c5d       0xa0 CMakeFiles/blink.dir/home/jamescathcart/.pico-sdk/sdk/2.0.0/src/rp2_common/pico_double/double_init_rom_rp2040.c.obj
 *fill*         0x10003c5d        0x3 
 .rodata.__func__.0
                0x10003c60       0x14 CMakeFiles/blink.dir/home/jamescathcart/.pico-sdk/sdk/2.0.0/src/rp2_common/pico_double/double_init_rom_rp2040.c.obj
 .rodata.__aeabi_float_init.str1.4
                0x10003c74       0x92 CMakeFiles/blink.dir/home/jamescathcart/.pico-sdk/sdk/2.0.0/src/rp2_common/pico_float/float_init_rom_rp2040.c.obj
 .rodata.__func__.0
                0x10003c74       0x13 CMakeFiles/blink.dir/home/jamescathcart/.pico-sdk/sdk/2.0.0/src/rp2_common/pico_float/float_init_rom_rp2040.c.obj
 .rodata.str1.4
                0x10003c87       0x2c CMakeFiles/blink.dir/home/jamescathcart/.pico-sdk/sdk/2.0.0/src/rp2_common/pico_standard_binary_info/standard_binary_info.c.obj
 *fill*         0x10003c87        0x1 
 .rodata.__bi_84
                0x10003c88        0xc CMakeFiles/blink.dir/home/jamescathcart/.pico-sdk/sdk/2.0.0/src/rp2_common/pico_standard_binary_info/standard_binary_info.c.obj
 .rodata.__bi_54
                0x10003c94        0xc CMakeFiles/blink.dir/home/jamescathcart/.pico-sdk/sdk/2.0.0/src/rp2_common/pico_standard_binary_info/standard_binary_info.c.obj
 .rodata.__bi_48
                0x10003ca0        0xc CMakeFiles/blink.dir/home/jamescathcart/.pico-sdk/sdk/2.0.0/src/rp2_common/pico_standard_binary_info/standard_binary_info.c.obj
 .rodata.__bi_42
                0x10003cac        0xc CMakeFiles/blink.dir/home/jamescathcart/.pico-sdk/sdk/2.0.0/src/rp2_common/pico_standard_binary_info/standard_binary_info.c.obj
 .rodata.__bi_34
                0x10003cb8        0xc CMakeFiles/blink.dir/home/jamescathcart/.pico-sdk/sdk/2.0.0/src/rp2_common/pico_standard_binary_info/standard_binary_info.c.obj
 .rodata.__bi_26
                0x10003cc4        0xc CMakeFiles/blink.dir/home/jamescathcart/.pico-sdk/sdk/2.0.0/src/rp2_common/pico_standard_binary_info/standard_binary_info.c.obj
 .rodata._ftoa.str1.4
                0x10003cd0       0x15 CMakeFiles/blink.dir/home/jamescathcart/.pico-sdk/sdk/2.0.0/src/rp2_common/pico_printf/printf.c.obj
 .rodata._vsnprintf
                0x10003cd0      0x19c CMakeFiles/blink.dir/home/jamescathcart/.pico-sdk/sdk/2.0.0/src/rp2_common/pico_printf/printf.c.obj
 *fill*         0x10003e6c        0x4 
 .rodata.pow10.0
                0x10003e70       0x50 CMakeFiles/blink.dir/home/jamescathcart/.pico-sdk/sdk/2.0.0/src/rp2_common/pico_printf/printf.c.obj
 .rodata.__assert_func.str1.4
                0x10003ec0       0x43 CMakeFiles/blink.dir/home/jamescathcart/.pico-sdk/sdk/2.0.0/src/rp2_common/pico_clib_interface/newlib_interface.c.obj
 .rodata.crlf_str.0
                0x10003ec0        0x2 CMakeFiles/blink.dir/home/jamescathcart/.pico-sdk/sdk/2.0.0/src/rp2_common/pico_stdio/stdio.c.obj
                0x10003f04                        . = ALIGN (0x4)
 *fill*         0x10003ec2        0x2 
 *(SORT_BY_ALIGNMENT(SORT_BY_NAME(.flashdata*)))
                0x10003ec4                        . = ALIGN (0x4)

.ARM.extab
 *(.ARM.extab* .gnu.linkonce.armextab.*)
                0x10003ec4                        __exidx_start = .

.ARM.exidx
 *(.ARM.exidx* .gnu.linkonce.armexidx.*)
                0x10003ec4                        __exidx_end = .
                0x10003ec4                        . = ALIGN (0x4)
                0x10003ec4                        __binary_info_start = .

.binary_info    0x10003ec4       0x18
 *(.binary_info.keep.*)
 .binary_info.keep.__bi_ptr84
                0x10003ec4        0x4 CMakeFiles/blink.dir/home/jamescathcart/.pico-sdk/sdk/2.0.0/src/rp2_common/pico_standard_binary_info/standard_binary_info.c.obj
 .binary_info.keep.__bi_ptr54
                0x10003ec8        0x4 CMakeFiles/blink.dir/home/jamescathcart/.pico-sdk/sdk/2.0.0/src/rp2_common/pico_standard_binary_info/standard_binary_info.c.obj
 .binary_info.keep.__bi_ptr48
                0x10003ecc        0x4 CMakeFiles/blink.dir/home/jamescathcart/.pico-sdk/sdk/2.0.0/src/rp2_common/pico_standard_binary_info/standard_binary_info.c.obj
 .binary_info.keep.__bi_ptr42
                0x10003ed0        0x4 CMakeFiles/blink.dir/home/jamescathcart/.pico-sdk/sdk/2.0.0/src/rp2_common/pico_standard_binary_info/standard_binary_info.c.obj
 .binary_info.keep.__bi_ptr34
                0x10003ed4        0x4 CMakeFiles/blink.dir/home/jamescathcart/.pico-sdk/sdk/2.0.0/src/rp2_common/pico_standard_binary_info/standard_binary_info.c.obj
 .binary_info.keep.__bi_ptr26
                0x10003ed8        0x4 CMakeFiles/blink.dir/home/jamescathcart/.pico-sdk/sdk/2.0.0/src/rp2_common/pico_standard_binary_info/standard_binary_info.c.obj
 *(.binary_info.*)
                0x10003edc                        __binary_info_end = .

.rel.dyn        0x10003edc        0x0
 .rel.iplt      0x10003edc        0x0 /home/jamescathcart/.pico-sdk/toolchain/13_2_Rel1/bin/../lib/gcc/arm-none-eabi/13.2.1/thumb/v6-m/nofp/crtbegin.o
                0x10003edc                        . = ALIGN (0x4)

.ram_vector_table
                0x20000000       0xc0
 *(.ram_vector_table)
 .ram_vector_table
                0x20000000       0xc0 CMakeFiles/blink.dir/home/jamescathcart/.pico-sdk/sdk/2.0.0/src/rp2_common/pico_runtime_init/runtime_init.c.obj
                0x20000000                ram_vector_table

.uninitialized_data
                0x200000c0        0x0
                0x200000c0                        . = ALIGN (0x4)
 *(.uninitialized_data*)

.data           0x200000c0      0x1c8 load address 0x10003edc
                0x200000c0                        __data_start__ = .
 *(vtable)
 *(.time_critical*)
 .time_critical.mutex_try_enter
                0x200000c0       0x48 CMakeFiles/blink.dir/home/jamescathcart/.pico-sdk/sdk/2.0.0/src/common/pico_sync/mutex.c.obj
                0x200000c0                mutex_try_enter
 .time_critical.mutex_enter_block_until
                0x20000108       0x90 CMakeFiles/blink.dir/home/jamescathcart/.pico-sdk/sdk/2.0.0/src/common/pico_sync/mutex.c.obj
                0x20000108                mutex_enter_block_until
 .time_critical.mutex_try_enter_block_until
                0x20000198       0x34 CMakeFiles/blink.dir/home/jamescathcart/.pico-sdk/sdk/2.0.0/src/common/pico_sync/mutex.c.obj
                0x20000198                mutex_try_enter_block_until
 .time_critical.mutex_exit
                0x200001cc       0x4c CMakeFiles/blink.dir/home/jamescathcart/.pico-sdk/sdk/2.0.0/src/common/pico_sync/mutex.c.obj
                0x200001cc                mutex_exit
 *(.text*)
 .text          0x20000218        0x4 /home/jamescathcart/.pico-sdk/toolchain/13_2_Rel1/bin/../lib/gcc/arm-none-eabi/13.2.1/thumb/v6-m/nofp/libgcc.a(_dvmd_tls.o)
                0x20000218                __aeabi_ldiv0
                0x20000218                __aeabi_idiv0
 *fill*         0x2000021c        0x4 
 .text.__stub   0x20000220       0x20 linker stubs
                0x20000240                        . = ALIGN (0x4)
 *(.rodata*)
                0x20000240                        . = ALIGN (0x4)
 *(.data*)
 .data.striped_spin_lock_num
                0x20000240        0x1 CMakeFiles/blink.dir/home/jamescathcart/.pico-sdk/sdk/2.0.0/src/rp2_common/hardware_sync/sync.c.obj
 *fill*         0x20000241        0x3 
 .data.default_alarm_pool
                0x20000244       0x18 CMakeFiles/blink.dir/home/jamescathcart/.pico-sdk/sdk/2.0.0/src/common/pico_time/time.c.obj
 *fill*         0x2000025c        0x4 
 .data.aeabi_bits_funcs
                0x20000260       0x10 CMakeFiles/blink.dir/home/jamescathcart/.pico-sdk/sdk/2.0.0/src/rp2_common/pico_bit_ops/bit_ops_aeabi.S.obj
                0x20000260                aeabi_bits_funcs
                0x20000270                aeabi_bits_funcs_end
 .data.aeabi_mem_funcs
                0x20000270       0x10 CMakeFiles/blink.dir/home/jamescathcart/.pico-sdk/sdk/2.0.0/src/rp2_common/pico_mem_ops/mem_ops_aeabi.S.obj
                0x20000270                aeabi_mem_funcs
                0x20000280                aeabi_mem_funcs_end
                0x20000280                        . = ALIGN (0x4)
 *(.after_data.*)
                0x20000280                        . = ALIGN (0x4)
                0x20000280                        PROVIDE (__mutex_array_start = .)
 *(SORT_BY_NAME(.mutex_array.*))
 *(.mutex_array)
 .mutex_array   0x20000280        0x8 CMakeFiles/blink.dir/home/jamescathcart/.pico-sdk/sdk/2.0.0/src/rp2_common/pico_stdio/stdio.c.obj
                0x20000288                        PROVIDE (__mutex_array_end = .)
                0x20000288                        . = ALIGN (0x4)
 *(.jcr)
                0x20000288                        . = ALIGN (0x4)

.tm_clone_table
                0x20000288        0x0 load address 0x100040a4
 .tm_clone_table
                0x20000288        0x0 /home/jamescathcart/.pico-sdk/toolchain/13_2_Rel1/bin/../lib/gcc/arm-none-eabi/13.2.1/thumb/v6-m/nofp/crtbegin.o
 .tm_clone_table
                0x20000288        0x0 /home/jamescathcart/.pico-sdk/toolchain/13_2_Rel1/bin/../lib/gcc/arm-none-eabi/13.2.1/thumb/v6-m/nofp/crtend.o

.igot.plt       0x20000288        0x0 load address 0x100040a4
 .igot.plt      0x20000288        0x0 /home/jamescathcart/.pico-sdk/toolchain/13_2_Rel1/bin/../lib/gcc/arm-none-eabi/13.2.1/thumb/v6-m/nofp/crtbegin.o

.tdata          0x20000288        0x0 load address 0x100040a4
                0x20000288                        . = ALIGN (0x4)
 *(.tdata .tdata.* .gnu.linkonce.td.*)
                0x20000288                        __tdata_end = .
                0x20000288                        PROVIDE (__data_end__ = .)
                0x10003edc                        __etext = LOADADDR (.data)

.tbss           0x20000288        0x0 load address 0x100040a4
                0x20000288                        . = ALIGN (0x4)
                0x20000288                        __bss_start__ = .
                0x20000288                        __tls_base = .
 *(.tbss .tbss.* .gnu.linkonce.tb.*)
 *(.tcommon)
                0x20000288                        __tls_end = .

.bss            0x20000288      0x3e4 load address 0x100040a4
                0x20000288                        . = ALIGN (0x4)
                0x20000288                        __tbss_end = .
 *(SORT_BY_ALIGNMENT(SORT_BY_NAME(.bss*)))
 .bss.default_alarm_pool_entries
                0x20000288      0x180 CMakeFiles/blink.dir/home/jamescathcart/.pico-sdk/sdk/2.0.0/src/common/pico_time/time.c.obj
 .bss.claimed   0x20000408        0x1 CMakeFiles/blink.dir/home/jamescathcart/.pico-sdk/sdk/2.0.0/src/rp2_common/hardware_timer/timer.c.obj
 *fill*         0x20000409        0x3 
 .bss.configured_freq
                0x2000040c       0x28 CMakeFiles/blink.dir/home/jamescathcart/.pico-sdk/sdk/2.0.0/src/rp2_common/hardware_clocks/clocks.c.obj
 .bss.drivers   0x20000434        0x4 CMakeFiles/blink.dir/home/jamescathcart/.pico-sdk/sdk/2.0.0/src/rp2_common/pico_stdio/stdio.c.obj
 .bss.filter    0x20000438        0x4 CMakeFiles/blink.dir/home/jamescathcart/.pico-sdk/sdk/2.0.0/src/rp2_common/pico_stdio/stdio.c.obj
 .bss.object.0  0x2000043c       0x18 /home/jamescathcart/.pico-sdk/toolchain/13_2_Rel1/bin/../lib/gcc/arm-none-eabi/13.2.1/thumb/v6-m/nofp/crtbegin.o
 .bss.pools     0x20000454       0x10 CMakeFiles/blink.dir/home/jamescathcart/.pico-sdk/sdk/2.0.0/src/common/pico_time/time.c.obj
 .bss.sd_table  0x20000464      0x100 CMakeFiles/blink.dir/home/jamescathcart/.pico-sdk/sdk/2.0.0/src/rp2_common/pico_double/double_init_rom_rp2040.c.obj
                0x20000464                sd_table
 .bss.sf_clz_func
                0x20000564        0x4 CMakeFiles/blink.dir/home/jamescathcart/.pico-sdk/sdk/2.0.0/src/rp2_common/pico_double/double_init_rom_rp2040.c.obj
                0x20000564                sf_clz_func
 .bss.sf_table  0x20000568      0x100 CMakeFiles/blink.dir/home/jamescathcart/.pico-sdk/sdk/2.0.0/src/rp2_common/pico_float/float_init_rom_rp2040.c.obj
                0x20000568                sf_table
 .bss.sleep_notifier
                0x20000668        0x4 CMakeFiles/blink.dir/home/jamescathcart/.pico-sdk/sdk/2.0.0/src/common/pico_time/time.c.obj
 *(COMMON)
                0x2000066c                        . = ALIGN (0x4)
                0x2000066c                        __bss_end__ = .

.heap           0x2000066c    0x3f994 load address 0x100040a4
                0x2000066c                        __end__ = .
                0x2000066c                        end = __end__
 *(.heap*)
 .heap          0x2000066c      0x800 CMakeFiles/blink.dir/home/jamescathcart/.pico-sdk/sdk/2.0.0/src/rp2_common/pico_crt0/crt0.S.obj
                0x20040000                        . = (ORIGIN (RAM) + LENGTH (RAM))
 *fill*         0x20000e6c    0x3f194 
                0x20040000                        __HeapLimit = .

.scratch_x      0x20040000        0x0 load address 0x100040a4
                0x20040000                        __scratch_x_start__ = .
 *(.scratch_x.*)
                0x20040000                        . = ALIGN (0x4)
                0x20040000                        __scratch_x_end__ = .
                0x100040a4                        __scratch_x_source__ = LOADADDR (.scratch_x)

.scratch_y      0x20041000        0x0 load address 0x100040a4
                0x20041000                        __scratch_y_start__ = .
 *(.scratch_y.*)
                0x20041000                        . = ALIGN (0x4)
                0x20041000                        __scratch_y_end__ = .
                0x100040a4                        __scratch_y_source__ = LOADADDR (.scratch_y)

.stack1_dummy
 *(.stack1*)

.stack_dummy    0x20041000      0x800
 *(.stack*)
 .stack         0x20041000      0x800 CMakeFiles/blink.dir/home/jamescathcart/.pico-sdk/sdk/2.0.0/src/rp2_common/pico_crt0/crt0.S.obj

.flash_end      0x100040a4        0x0
 *(.embedded_end_block*)
                0x100040a4                        PROVIDE (__flash_binary_end = .)
                0x20040000                        __StackLimit = (ORIGIN (RAM) + LENGTH (RAM))
                0x20041000                        __StackOneTop = (ORIGIN (SCRATCH_X) + LENGTH (SCRATCH_X))
                0x20042000                        __StackTop = (ORIGIN (SCRATCH_Y) + LENGTH (SCRATCH_Y))
                0x20041000                        __StackOneBottom = (__StackOneTop - SIZEOF (.stack1_dummy))
                0x20041800                        __StackBottom = (__StackTop - SIZEOF (.stack_dummy))
                0x20042000                        PROVIDE (__stack = __StackTop)
                [!provide]                        PROVIDE (__heap_start = __end__)
                [!provide]                        PROVIDE (__heap_end = __HeapLimit)
                [!provide]                        PROVIDE (__tls_align = MAX (ALIGNOF (.tdata), ALIGNOF (.tbss)))
                [!provide]                        PROVIDE (__tls_size_align = (((__tls_size + __tls_align) - 0x1) & ~ ((__tls_align - 0x1))))
                [!provide]                        PROVIDE (__arm32_tls_tcb_offset = MAX (0x8, __tls_align))
                [!provide]                        PROVIDE (_end = __end__)
                [!provide]                        PROVIDE (__llvm_libc_heap_limit = __HeapLimit)
                0x00000001                        ASSERT ((__StackLimit >= __HeapLimit), region RAM overflowed)
                0x00000001                        ASSERT (((__binary_info_header_end - __logical_binary_start) <= 0x100), Binary info must be in first 256 bytes of the binary)
LOAD CMakeFiles/blink.dir/blink.c.obj
LOAD CMakeFiles/blink.dir/home/jamescathcart/.pico-sdk/sdk/2.0.0/src/rp2_common/pico_stdlib/stdlib.c.obj
LOAD CMakeFiles/blink.dir/home/jamescathcart/.pico-sdk/sdk/2.0.0/src/rp2_common/hardware_gpio/gpio.c.obj
LOAD CMakeFiles/blink.dir/home/jamescathcart/.pico-sdk/sdk/2.0.0/src/rp2040/pico_platform/platform.c.obj
LOAD CMakeFiles/blink.dir/home/jamescathcart/.pico-sdk/sdk/2.0.0/src/rp2_common/pico_platform_panic/panic.c.obj
LOAD CMakeFiles/blink.dir/home/jamescathcart/.pico-sdk/sdk/2.0.0/src/common/hardware_claim/claim.c.obj
LOAD CMakeFiles/blink.dir/home/jamescathcart/.pico-sdk/sdk/2.0.0/src/rp2_common/hardware_sync/sync.c.obj
LOAD CMakeFiles/blink.dir/home/jamescathcart/.pico-sdk/sdk/2.0.0/src/rp2_common/hardware_sync_spin_lock/sync_spin_lock.c.obj
LOAD CMakeFiles/blink.dir/home/jamescathcart/.pico-sdk/sdk/2.0.0/src/rp2_common/hardware_irq/irq.c.obj
LOAD CMakeFiles/blink.dir/home/jamescathcart/.pico-sdk/sdk/2.0.0/src/rp2_common/hardware_irq/irq_handler_chain.S.obj
LOAD CMakeFiles/blink.dir/home/jamescathcart/.pico-sdk/sdk/2.0.0/src/common/pico_sync/sem.c.obj
LOAD CMakeFiles/blink.dir/home/jamescathcart/.pico-sdk/sdk/2.0.0/src/common/pico_sync/lock_core.c.obj
LOAD CMakeFiles/blink.dir/home/jamescathcart/.pico-sdk/sdk/2.0.0/src/common/pico_sync/mutex.c.obj
LOAD CMakeFiles/blink.dir/home/jamescathcart/.pico-sdk/sdk/2.0.0/src/common/pico_sync/critical_section.c.obj
LOAD CMakeFiles/blink.dir/home/jamescathcart/.pico-sdk/sdk/2.0.0/src/common/pico_time/time.c.obj
LOAD CMakeFiles/blink.dir/home/jamescathcart/.pico-sdk/sdk/2.0.0/src/common/pico_time/timeout_helper.c.obj
LOAD CMakeFiles/blink.dir/home/jamescathcart/.pico-sdk/sdk/2.0.0/src/rp2_common/hardware_timer/timer.c.obj
LOAD CMakeFiles/blink.dir/home/jamescathcart/.pico-sdk/sdk/2.0.0/src/common/pico_util/datetime.c.obj
LOAD CMakeFiles/blink.dir/home/jamescathcart/.pico-sdk/sdk/2.0.0/src/common/pico_util/pheap.c.obj
LOAD CMakeFiles/blink.dir/home/jamescathcart/.pico-sdk/sdk/2.0.0/src/common/pico_util/queue.c.obj
LOAD CMakeFiles/blink.dir/home/jamescathcart/.pico-sdk/sdk/2.0.0/src/rp2_common/hardware_uart/uart.c.obj
LOAD CMakeFiles/blink.dir/home/jamescathcart/.pico-sdk/sdk/2.0.0/src/rp2_common/hardware_clocks/clocks.c.obj
LOAD CMakeFiles/blink.dir/home/jamescathcart/.pico-sdk/sdk/2.0.0/src/rp2_common/hardware_pll/pll.c.obj
LOAD CMakeFiles/blink.dir/home/jamescathcart/.pico-sdk/sdk/2.0.0/src/rp2_common/hardware_vreg/vreg.c.obj
LOAD CMakeFiles/blink.dir/home/jamescathcart/.pico-sdk/sdk/2.0.0/src/rp2_common/hardware_watchdog/watchdog.c.obj
LOAD CMakeFiles/blink.dir/home/jamescathcart/.pico-sdk/sdk/2.0.0/src/rp2_common/hardware_ticks/ticks.c.obj
LOAD CMakeFiles/blink.dir/home/jamescathcart/.pico-sdk/sdk/2.0.0/src/rp2_common/hardware_xosc/xosc.c.obj
LOAD CMakeFiles/blink.dir/home/jamescathcart/.pico-sdk/sdk/2.0.0/src/rp2_common/hardware_divider/divider.S.obj
LOAD CMakeFiles/blink.dir/home/jamescathcart/.pico-sdk/sdk/2.0.0/src/rp2_common/pico_runtime/runtime.c.obj
LOAD CMakeFiles/blink.dir/home/jamescathcart/.pico-sdk/sdk/2.0.0/src/rp2_common/pico_runtime_init/runtime_init.c.obj
LOAD CMakeFiles/blink.dir/home/jamescathcart/.pico-sdk/sdk/2.0.0/src/rp2_common/pico_runtime_init/runtime_init_clocks.c.obj
LOAD CMakeFiles/blink.dir/home/jamescathcart/.pico-sdk/sdk/2.0.0/src/rp2_common/pico_runtime_init/runtime_init_stack_guard.c.obj
LOAD CMakeFiles/blink.dir/home/jamescathcart/.pico-sdk/sdk/2.0.0/src/rp2_common/pico_bit_ops/bit_ops_aeabi.S.obj
LOAD CMakeFiles/blink.dir/home/jamescathcart/.pico-sdk/sdk/2.0.0/src/rp2_common/pico_bootrom/bootrom.c.obj
LOAD CMakeFiles/blink.dir/home/jamescathcart/.pico-sdk/sdk/2.0.0/src/rp2_common/pico_bootrom/bootrom_lock.c.obj
LOAD CMakeFiles/blink.dir/home/jamescathcart/.pico-sdk/sdk/2.0.0/src/rp2_common/hardware_boot_lock/boot_lock.c.obj
LOAD CMakeFiles/blink.dir/home/jamescathcart/.pico-sdk/sdk/2.0.0/src/rp2_common/pico_divider/divider_hardware.S.obj
LOAD CMakeFiles/blink.dir/home/jamescathcart/.pico-sdk/sdk/2.0.0/src/rp2_common/pico_double/double_aeabi_rp2040.S.obj
LOAD CMakeFiles/blink.dir/home/jamescathcart/.pico-sdk/sdk/2.0.0/src/rp2_common/pico_double/double_init_rom_rp2040.c.obj
LOAD CMakeFiles/blink.dir/home/jamescathcart/.pico-sdk/sdk/2.0.0/src/rp2_common/pico_double/double_math.c.obj
LOAD CMakeFiles/blink.dir/home/jamescathcart/.pico-sdk/sdk/2.0.0/src/rp2_common/pico_double/double_v1_rom_shim_rp2040.S.obj
LOAD CMakeFiles/blink.dir/home/jamescathcart/.pico-sdk/sdk/2.0.0/src/rp2_common/pico_int64_ops/pico_int64_ops_aeabi.S.obj
LOAD CMakeFiles/blink.dir/home/jamescathcart/.pico-sdk/sdk/2.0.0/src/rp2_common/pico_float/float_aeabi_rp2040.S.obj
LOAD CMakeFiles/blink.dir/home/jamescathcart/.pico-sdk/sdk/2.0.0/src/rp2_common/pico_float/float_init_rom_rp2040.c.obj
LOAD CMakeFiles/blink.dir/home/jamescathcart/.pico-sdk/sdk/2.0.0/src/rp2_common/pico_float/float_math.c.obj
LOAD CMakeFiles/blink.dir/home/jamescathcart/.pico-sdk/sdk/2.0.0/src/rp2_common/pico_float/float_v1_rom_shim_rp2040.S.obj
LOAD CMakeFiles/blink.dir/home/jamescathcart/.pico-sdk/sdk/2.0.0/src/rp2_common/pico_malloc/malloc.c.obj
LOAD CMakeFiles/blink.dir/home/jamescathcart/.pico-sdk/sdk/2.0.0/src/rp2_common/pico_mem_ops/mem_ops_aeabi.S.obj
LOAD CMakeFiles/blink.dir/home/jamescathcart/.pico-sdk/sdk/2.0.0/src/rp2_common/pico_atomic/atomic.c.obj
LOAD CMakeFiles/blink.dir/home/jamescathcart/.pico-sdk/sdk/2.0.0/src/rp2_common/pico_cxx_options/new_delete.cpp.obj
LOAD CMakeFiles/blink.dir/home/jamescathcart/.pico-sdk/sdk/2.0.0/src/rp2_common/pico_standard_binary_info/standard_binary_info.c.obj
LOAD CMakeFiles/blink.dir/home/jamescathcart/.pico-sdk/sdk/2.0.0/src/rp2_common/pico_printf/printf.c.obj
LOAD CMakeFiles/blink.dir/home/jamescathcart/.pico-sdk/sdk/2.0.0/src/rp2_common/pico_crt0/crt0.S.obj
LOAD CMakeFiles/blink.dir/home/jamescathcart/.pico-sdk/sdk/2.0.0/src/rp2_common/pico_clib_interface/newlib_interface.c.obj
LOAD CMakeFiles/blink.dir/home/jamescathcart/.pico-sdk/sdk/2.0.0/src/rp2_common/pico_stdio/stdio.c.obj
LOAD CMakeFiles/blink.dir/home/jamescathcart/.pico-sdk/sdk/2.0.0/src/rp2_common/pico_stdio_uart/stdio_uart.c.obj
LOAD /tmp/ccnFf6It.o
LOAD /home/jamescathcart/.pico-sdk/toolchain/13_2_Rel1/bin/../lib/gcc/arm-none-eabi/13.2.1/../../../../arm-none-eabi/lib/thumb/v6-m/nofp/libstdc++.a
LOAD /home/jamescathcart/.pico-sdk/toolchain/13_2_Rel1/bin/../lib/gcc/arm-none-eabi/13.2.1/../../../../arm-none-eabi/lib/thumb/v6-m/nofp/libm.a
START GROUP
LOAD /home/jamescathcart/.pico-sdk/toolchain/13_2_Rel1/bin/../lib/gcc/arm-none-eabi/13.2.1/thumb/v6-m/nofp/libgcc.a
LOAD /home/jamescathcart/.pico-sdk/toolchain/13_2_Rel1/bin/../lib/gcc/arm-none-eabi/13.2.1/../../../../arm-none-eabi/lib/thumb/v6-m/nofp/libg.a
LOAD /home/jamescathcart/.pico-sdk/toolchain/13_2_Rel1/bin/../lib/gcc/arm-none-eabi/13.2.1/../../../../arm-none-eabi/lib/thumb/v6-m/nofp/libc.a
END GROUP
START GROUP
LOAD /home/jamescathcart/.pico-sdk/toolchain/13_2_Rel1/bin/../lib/gcc/arm-none-eabi/13.2.1/thumb/v6-m/nofp/libgcc.a
LOAD /home/jamescathcart/.pico-sdk/toolchain/13_2_Rel1/bin/../lib/gcc/arm-none-eabi/13.2.1/../../../../arm-none-eabi/lib/thumb/v6-m/nofp/libc.a
LOAD /home/jamescathcart/.pico-sdk/toolchain/13_2_Rel1/bin/../lib/gcc/arm-none-eabi/13.2.1/../../../../arm-none-eabi/lib/thumb/v6-m/nofp/libnosys.a
END GROUP
LOAD /home/jamescathcart/.pico-sdk/toolchain/13_2_Rel1/bin/../lib/gcc/arm-none-eabi/13.2.1/thumb/v6-m/nofp/crtend.o
LOAD /home/jamescathcart/.pico-sdk/toolchain/13_2_Rel1/bin/../lib/gcc/arm-none-eabi/13.2.1/thumb/v6-m/nofp/crtn.o
OUTPUT(blink.elf elf32-littlearm)
LOAD linker stubs

.ARM.attributes
                0x00000000       0x28
 .ARM.attributes
                0x00000000       0x1e /home/jamescathcart/.pico-sdk/toolchain/13_2_Rel1/bin/../lib/gcc/arm-none-eabi/13.2.1/thumb/v6-m/nofp/crti.o
 .ARM.attributes
                0x0000001e       0x2c /home/jamescathcart/.pico-sdk/toolchain/13_2_Rel1/bin/../lib/gcc/arm-none-eabi/13.2.1/thumb/v6-m/nofp/crtbegin.o
 .ARM.attributes
                0x0000004a       0x2c CMakeFiles/blink.dir/blink.c.obj
 .ARM.attributes
                0x00000076       0x2c CMakeFiles/blink.dir/home/jamescathcart/.pico-sdk/sdk/2.0.0/src/rp2_common/hardware_gpio/gpio.c.obj
 .ARM.attributes
                0x000000a2       0x2c CMakeFiles/blink.dir/home/jamescathcart/.pico-sdk/sdk/2.0.0/src/rp2_common/pico_platform_panic/panic.c.obj
 .ARM.attributes
                0x000000ce       0x2c CMakeFiles/blink.dir/home/jamescathcart/.pico-sdk/sdk/2.0.0/src/common/hardware_claim/claim.c.obj
 .ARM.attributes
                0x000000fa       0x2c CMakeFiles/blink.dir/home/jamescathcart/.pico-sdk/sdk/2.0.0/src/rp2_common/hardware_sync/sync.c.obj
 .ARM.attributes
                0x00000126       0x2c CMakeFiles/blink.dir/home/jamescathcart/.pico-sdk/sdk/2.0.0/src/rp2_common/hardware_sync_spin_lock/sync_spin_lock.c.obj
 .ARM.attributes
                0x00000152       0x2c CMakeFiles/blink.dir/home/jamescathcart/.pico-sdk/sdk/2.0.0/src/rp2_common/hardware_irq/irq.c.obj
 .ARM.attributes
                0x0000017e       0x2c CMakeFiles/blink.dir/home/jamescathcart/.pico-sdk/sdk/2.0.0/src/common/pico_sync/lock_core.c.obj
 .ARM.attributes
                0x000001aa       0x2c CMakeFiles/blink.dir/home/jamescathcart/.pico-sdk/sdk/2.0.0/src/common/pico_sync/mutex.c.obj
 .ARM.attributes
                0x000001d6       0x2c CMakeFiles/blink.dir/home/jamescathcart/.pico-sdk/sdk/2.0.0/src/common/pico_time/time.c.obj
 .ARM.attributes
                0x00000202       0x2c CMakeFiles/blink.dir/home/jamescathcart/.pico-sdk/sdk/2.0.0/src/rp2_common/hardware_timer/timer.c.obj
 .ARM.attributes
                0x0000022e       0x2c CMakeFiles/blink.dir/home/jamescathcart/.pico-sdk/sdk/2.0.0/src/rp2_common/hardware_clocks/clocks.c.obj
 .ARM.attributes
                0x0000025a       0x2c CMakeFiles/blink.dir/home/jamescathcart/.pico-sdk/sdk/2.0.0/src/rp2_common/hardware_pll/pll.c.obj
 .ARM.attributes
                0x00000286       0x2c CMakeFiles/blink.dir/home/jamescathcart/.pico-sdk/sdk/2.0.0/src/rp2_common/hardware_ticks/ticks.c.obj
 .ARM.attributes
                0x000002b2       0x2c CMakeFiles/blink.dir/home/jamescathcart/.pico-sdk/sdk/2.0.0/src/rp2_common/hardware_xosc/xosc.c.obj
 .ARM.attributes
                0x000002de       0x2c CMakeFiles/blink.dir/home/jamescathcart/.pico-sdk/sdk/2.0.0/src/rp2_common/pico_runtime/runtime.c.obj
 .ARM.attributes
                0x0000030a       0x2c CMakeFiles/blink.dir/home/jamescathcart/.pico-sdk/sdk/2.0.0/src/rp2_common/pico_runtime_init/runtime_init.c.obj
 .ARM.attributes
                0x00000336       0x2c CMakeFiles/blink.dir/home/jamescathcart/.pico-sdk/sdk/2.0.0/src/rp2_common/pico_runtime_init/runtime_init_clocks.c.obj
 .ARM.attributes
                0x00000362       0x22 CMakeFiles/blink.dir/home/jamescathcart/.pico-sdk/sdk/2.0.0/src/rp2_common/pico_bit_ops/bit_ops_aeabi.S.obj
 .ARM.attributes
                0x00000384       0x2c CMakeFiles/blink.dir/home/jamescathcart/.pico-sdk/sdk/2.0.0/src/rp2_common/pico_bootrom/bootrom.c.obj
 .ARM.attributes
                0x000003b0       0x22 CMakeFiles/blink.dir/home/jamescathcart/.pico-sdk/sdk/2.0.0/src/rp2_common/pico_divider/divider_hardware.S.obj
 .ARM.attributes
                0x000003d2       0x22 CMakeFiles/blink.dir/home/jamescathcart/.pico-sdk/sdk/2.0.0/src/rp2_common/pico_double/double_aeabi_rp2040.S.obj
 .ARM.attributes
                0x000003f4       0x2c CMakeFiles/blink.dir/home/jamescathcart/.pico-sdk/sdk/2.0.0/src/rp2_common/pico_double/double_init_rom_rp2040.c.obj
 .ARM.attributes
                0x00000420       0x22 CMakeFiles/blink.dir/home/jamescathcart/.pico-sdk/sdk/2.0.0/src/rp2_common/pico_double/double_v1_rom_shim_rp2040.S.obj
 .ARM.attributes
                0x00000442       0x22 CMakeFiles/blink.dir/home/jamescathcart/.pico-sdk/sdk/2.0.0/src/rp2_common/pico_int64_ops/pico_int64_ops_aeabi.S.obj
 .ARM.attributes
                0x00000464       0x22 CMakeFiles/blink.dir/home/jamescathcart/.pico-sdk/sdk/2.0.0/src/rp2_common/pico_float/float_aeabi_rp2040.S.obj
 .ARM.attributes
                0x00000486       0x2c CMakeFiles/blink.dir/home/jamescathcart/.pico-sdk/sdk/2.0.0/src/rp2_common/pico_float/float_init_rom_rp2040.c.obj
 .ARM.attributes
                0x000004b2       0x22 CMakeFiles/blink.dir/home/jamescathcart/.pico-sdk/sdk/2.0.0/src/rp2_common/pico_float/float_v1_rom_shim_rp2040.S.obj
 .ARM.attributes
                0x000004d4       0x22 CMakeFiles/blink.dir/home/jamescathcart/.pico-sdk/sdk/2.0.0/src/rp2_common/pico_mem_ops/mem_ops_aeabi.S.obj
 .ARM.attributes
                0x000004f6       0x2c CMakeFiles/blink.dir/home/jamescathcart/.pico-sdk/sdk/2.0.0/src/rp2_common/pico_standard_binary_info/standard_binary_info.c.obj
 .ARM.attributes
                0x00000522       0x2c CMakeFiles/blink.dir/home/jamescathcart/.pico-sdk/sdk/2.0.0/src/rp2_common/pico_printf/printf.c.obj
 .ARM.attributes
                0x0000054e       0x22 CMakeFiles/blink.dir/home/jamescathcart/.pico-sdk/sdk/2.0.0/src/rp2_common/pico_crt0/crt0.S.obj
 .ARM.attributes
                0x00000570       0x2c CMakeFiles/blink.dir/home/jamescathcart/.pico-sdk/sdk/2.0.0/src/rp2_common/pico_clib_interface/newlib_interface.c.obj
 .ARM.attributes
                0x0000059c       0x2c CMakeFiles/blink.dir/home/jamescathcart/.pico-sdk/sdk/2.0.0/src/rp2_common/pico_stdio/stdio.c.obj
 .ARM.attributes
                0x000005c8       0x22 /tmp/ccnFf6It.o
 .ARM.attributes
                0x000005ea       0x1e /home/jamescathcart/.pico-sdk/toolchain/13_2_Rel1/bin/../lib/gcc/arm-none-eabi/13.2.1/thumb/v6-m/nofp/libgcc.a(_dvmd_tls.o)
 .ARM.attributes
                0x00000608       0x2c /home/jamescathcart/.pico-sdk/toolchain/13_2_Rel1/bin/../lib/gcc/arm-none-eabi/13.2.1/../../../../arm-none-eabi/lib/thumb/v6-m/nofp/libg.a(libc_a-strlen-stub.o)
 .ARM.attributes
                0x00000634       0x2c /home/jamescathcart/.pico-sdk/toolchain/13_2_Rel1/bin/../lib/gcc/arm-none-eabi/13.2.1/thumb/v6-m/nofp/crtend.o

.comment        0x00000000       0x44
 .comment       0x00000000       0x44 CMakeFiles/blink.dir/blink.c.obj
                                 0x45 (size before relaxing)
 .comment       0x00000044       0x45 CMakeFiles/blink.dir/home/jamescathcart/.pico-sdk/sdk/2.0.0/src/rp2_common/hardware_gpio/gpio.c.obj
 .comment       0x00000044       0x45 CMakeFiles/blink.dir/home/jamescathcart/.pico-sdk/sdk/2.0.0/src/rp2_common/pico_platform_panic/panic.c.obj
 .comment       0x00000044       0x45 CMakeFiles/blink.dir/home/jamescathcart/.pico-sdk/sdk/2.0.0/src/common/hardware_claim/claim.c.obj
 .comment       0x00000044       0x45 CMakeFiles/blink.dir/home/jamescathcart/.pico-sdk/sdk/2.0.0/src/rp2_common/hardware_sync/sync.c.obj
 .comment       0x00000044       0x45 CMakeFiles/blink.dir/home/jamescathcart/.pico-sdk/sdk/2.0.0/src/rp2_common/hardware_sync_spin_lock/sync_spin_lock.c.obj
 .comment       0x00000044       0x45 CMakeFiles/blink.dir/home/jamescathcart/.pico-sdk/sdk/2.0.0/src/rp2_common/hardware_irq/irq.c.obj
 .comment       0x00000044       0x45 CMakeFiles/blink.dir/home/jamescathcart/.pico-sdk/sdk/2.0.0/src/common/pico_sync/lock_core.c.obj
 .comment       0x00000044       0x45 CMakeFiles/blink.dir/home/jamescathcart/.pico-sdk/sdk/2.0.0/src/common/pico_sync/mutex.c.obj
 .comment       0x00000044       0x45 CMakeFiles/blink.dir/home/jamescathcart/.pico-sdk/sdk/2.0.0/src/common/pico_time/time.c.obj
 .comment       0x00000044       0x45 CMakeFiles/blink.dir/home/jamescathcart/.pico-sdk/sdk/2.0.0/src/rp2_common/hardware_timer/timer.c.obj
 .comment       0x00000044       0x45 CMakeFiles/blink.dir/home/jamescathcart/.pico-sdk/sdk/2.0.0/src/rp2_common/hardware_clocks/clocks.c.obj
 .comment       0x00000044       0x45 CMakeFiles/blink.dir/home/jamescathcart/.pico-sdk/sdk/2.0.0/src/rp2_common/hardware_pll/pll.c.obj
 .comment       0x00000044       0x45 CMakeFiles/blink.dir/home/jamescathcart/.pico-sdk/sdk/2.0.0/src/rp2_common/hardware_ticks/ticks.c.obj
 .comment       0x00000044       0x45 CMakeFiles/blink.dir/home/jamescathcart/.pico-sdk/sdk/2.0.0/src/rp2_common/hardware_xosc/xosc.c.obj
 .comment       0x00000044       0x45 CMakeFiles/blink.dir/home/jamescathcart/.pico-sdk/sdk/2.0.0/src/rp2_common/pico_runtime/runtime.c.obj
 .comment       0x00000044       0x45 CMakeFiles/blink.dir/home/jamescathcart/.pico-sdk/sdk/2.0.0/src/rp2_common/pico_runtime_init/runtime_init.c.obj
 .comment       0x00000044       0x45 CMakeFiles/blink.dir/home/jamescathcart/.pico-sdk/sdk/2.0.0/src/rp2_common/pico_runtime_init/runtime_init_clocks.c.obj
 .comment       0x00000044       0x45 CMakeFiles/blink.dir/home/jamescathcart/.pico-sdk/sdk/2.0.0/src/rp2_common/pico_bootrom/bootrom.c.obj
 .comment       0x00000044       0x45 CMakeFiles/blink.dir/home/jamescathcart/.pico-sdk/sdk/2.0.0/src/rp2_common/pico_double/double_init_rom_rp2040.c.obj
 .comment       0x00000044       0x45 CMakeFiles/blink.dir/home/jamescathcart/.pico-sdk/sdk/2.0.0/src/rp2_common/pico_float/float_init_rom_rp2040.c.obj
 .comment       0x00000044       0x45 CMakeFiles/blink.dir/home/jamescathcart/.pico-sdk/sdk/2.0.0/src/rp2_common/pico_standard_binary_info/standard_binary_info.c.obj
 .comment       0x00000044       0x45 CMakeFiles/blink.dir/home/jamescathcart/.pico-sdk/sdk/2.0.0/src/rp2_common/pico_printf/printf.c.obj
 .comment       0x00000044       0x45 CMakeFiles/blink.dir/home/jamescathcart/.pico-sdk/sdk/2.0.0/src/rp2_common/pico_clib_interface/newlib_interface.c.obj
 .comment       0x00000044       0x45 CMakeFiles/blink.dir/home/jamescathcart/.pico-sdk/sdk/2.0.0/src/rp2_common/pico_stdio/stdio.c.obj

.debug_info     0x00000000    0x13c35
 .debug_info    0x00000000      0x88e CMakeFiles/blink.dir/blink.c.obj
 .debug_info    0x0000088e     0x1d3f CMakeFiles/blink.dir/home/jamescathcart/.pico-sdk/sdk/2.0.0/src/rp2_common/hardware_gpio/gpio.c.obj
 .debug_info    0x000025cd      0x1b4 CMakeFiles/blink.dir/home/jamescathcart/.pico-sdk/sdk/2.0.0/src/rp2_common/pico_platform_panic/panic.c.obj
 .debug_info    0x00002781      0x6b1 CMakeFiles/blink.dir/home/jamescathcart/.pico-sdk/sdk/2.0.0/src/common/hardware_claim/claim.c.obj
 .debug_info    0x00002e32      0x465 CMakeFiles/blink.dir/home/jamescathcart/.pico-sdk/sdk/2.0.0/src/rp2_common/hardware_sync/sync.c.obj
 .debug_info    0x00003297      0x2f7 CMakeFiles/blink.dir/home/jamescathcart/.pico-sdk/sdk/2.0.0/src/rp2_common/hardware_sync_spin_lock/sync_spin_lock.c.obj
 .debug_info    0x0000358e     0x1fe9 CMakeFiles/blink.dir/home/jamescathcart/.pico-sdk/sdk/2.0.0/src/rp2_common/hardware_irq/irq.c.obj
 .debug_info    0x00005577      0x1af CMakeFiles/blink.dir/home/jamescathcart/.pico-sdk/sdk/2.0.0/src/common/pico_sync/lock_core.c.obj
 .debug_info    0x00005726     0x1e7c CMakeFiles/blink.dir/home/jamescathcart/.pico-sdk/sdk/2.0.0/src/common/pico_sync/mutex.c.obj
 .debug_info    0x000075a2     0x3353 CMakeFiles/blink.dir/home/jamescathcart/.pico-sdk/sdk/2.0.0/src/common/pico_time/time.c.obj
 .debug_info    0x0000a8f5     0x19b0 CMakeFiles/blink.dir/home/jamescathcart/.pico-sdk/sdk/2.0.0/src/rp2_common/hardware_timer/timer.c.obj
 .debug_info    0x0000c2a5     0x1509 CMakeFiles/blink.dir/home/jamescathcart/.pico-sdk/sdk/2.0.0/src/rp2_common/hardware_clocks/clocks.c.obj
 .debug_info    0x0000d7ae      0x64f CMakeFiles/blink.dir/home/jamescathcart/.pico-sdk/sdk/2.0.0/src/rp2_common/hardware_pll/pll.c.obj
 .debug_info    0x0000ddfd      0x2b2 CMakeFiles/blink.dir/home/jamescathcart/.pico-sdk/sdk/2.0.0/src/rp2_common/hardware_ticks/ticks.c.obj
 .debug_info    0x0000e0af      0x1d0 CMakeFiles/blink.dir/home/jamescathcart/.pico-sdk/sdk/2.0.0/src/rp2_common/hardware_xosc/xosc.c.obj
 .debug_info    0x0000e27f      0x1bc CMakeFiles/blink.dir/home/jamescathcart/.pico-sdk/sdk/2.0.0/src/rp2_common/pico_runtime/runtime.c.obj
 .debug_info    0x0000e43b      0x7ad CMakeFiles/blink.dir/home/jamescathcart/.pico-sdk/sdk/2.0.0/src/rp2_common/pico_runtime_init/runtime_init.c.obj
 .debug_info    0x0000ebe8      0x765 CMakeFiles/blink.dir/home/jamescathcart/.pico-sdk/sdk/2.0.0/src/rp2_common/pico_runtime_init/runtime_init_clocks.c.obj
 .debug_info    0x0000f34d       0x23 CMakeFiles/blink.dir/home/jamescathcart/.pico-sdk/sdk/2.0.0/src/rp2_common/pico_bit_ops/bit_ops_aeabi.S.obj
 .debug_info    0x0000f370      0x3d6 CMakeFiles/blink.dir/home/jamescathcart/.pico-sdk/sdk/2.0.0/src/rp2_common/pico_bootrom/bootrom.c.obj
 .debug_info    0x0000f746       0x23 CMakeFiles/blink.dir/home/jamescathcart/.pico-sdk/sdk/2.0.0/src/rp2_common/pico_divider/divider_hardware.S.obj
 .debug_info    0x0000f769       0x23 CMakeFiles/blink.dir/home/jamescathcart/.pico-sdk/sdk/2.0.0/src/rp2_common/pico_double/double_aeabi_rp2040.S.obj
 .debug_info    0x0000f78c      0x34c CMakeFiles/blink.dir/home/jamescathcart/.pico-sdk/sdk/2.0.0/src/rp2_common/pico_double/double_init_rom_rp2040.c.obj
 .debug_info    0x0000fad8       0x23 CMakeFiles/blink.dir/home/jamescathcart/.pico-sdk/sdk/2.0.0/src/rp2_common/pico_double/double_v1_rom_shim_rp2040.S.obj
 .debug_info    0x0000fafb       0x24 CMakeFiles/blink.dir/home/jamescathcart/.pico-sdk/sdk/2.0.0/src/rp2_common/pico_int64_ops/pico_int64_ops_aeabi.S.obj
 .debug_info    0x0000fb1f       0x23 CMakeFiles/blink.dir/home/jamescathcart/.pico-sdk/sdk/2.0.0/src/rp2_common/pico_float/float_aeabi_rp2040.S.obj
 .debug_info    0x0000fb42      0x34d CMakeFiles/blink.dir/home/jamescathcart/.pico-sdk/sdk/2.0.0/src/rp2_common/pico_float/float_init_rom_rp2040.c.obj
 .debug_info    0x0000fe8f       0x23 CMakeFiles/blink.dir/home/jamescathcart/.pico-sdk/sdk/2.0.0/src/rp2_common/pico_float/float_v1_rom_shim_rp2040.S.obj
 .debug_info    0x0000feb2       0x23 CMakeFiles/blink.dir/home/jamescathcart/.pico-sdk/sdk/2.0.0/src/rp2_common/pico_mem_ops/mem_ops_aeabi.S.obj
 .debug_info    0x0000fed5      0x28e CMakeFiles/blink.dir/home/jamescathcart/.pico-sdk/sdk/2.0.0/src/rp2_common/pico_standard_binary_info/standard_binary_info.c.obj
 .debug_info    0x00010163     0x19dc CMakeFiles/blink.dir/home/jamescathcart/.pico-sdk/sdk/2.0.0/src/rp2_common/pico_printf/printf.c.obj
 .debug_info    0x00011b3f       0x23 CMakeFiles/blink.dir/home/jamescathcart/.pico-sdk/sdk/2.0.0/src/rp2_common/pico_crt0/crt0.S.obj
 .debug_info    0x00011b62      0xbb8 CMakeFiles/blink.dir/home/jamescathcart/.pico-sdk/sdk/2.0.0/src/rp2_common/pico_clib_interface/newlib_interface.c.obj
 .debug_info    0x0001271a     0x151b CMakeFiles/blink.dir/home/jamescathcart/.pico-sdk/sdk/2.0.0/src/rp2_common/pico_stdio/stdio.c.obj

.debug_abbrev   0x00000000     0x455b
 .debug_abbrev  0x00000000      0x299 CMakeFiles/blink.dir/blink.c.obj
 .debug_abbrev  0x00000299      0x42d CMakeFiles/blink.dir/home/jamescathcart/.pico-sdk/sdk/2.0.0/src/rp2_common/hardware_gpio/gpio.c.obj
 .debug_abbrev  0x000006c6      0x12d CMakeFiles/blink.dir/home/jamescathcart/.pico-sdk/sdk/2.0.0/src/rp2_common/pico_platform_panic/panic.c.obj
 .debug_abbrev  0x000007f3      0x2b4 CMakeFiles/blink.dir/home/jamescathcart/.pico-sdk/sdk/2.0.0/src/common/hardware_claim/claim.c.obj
 .debug_abbrev  0x00000aa7      0x1f4 CMakeFiles/blink.dir/home/jamescathcart/.pico-sdk/sdk/2.0.0/src/rp2_common/hardware_sync/sync.c.obj
 .debug_abbrev  0x00000c9b      0x1f0 CMakeFiles/blink.dir/home/jamescathcart/.pico-sdk/sdk/2.0.0/src/rp2_common/hardware_sync_spin_lock/sync_spin_lock.c.obj
 .debug_abbrev  0x00000e8b      0x5d8 CMakeFiles/blink.dir/home/jamescathcart/.pico-sdk/sdk/2.0.0/src/rp2_common/hardware_irq/irq.c.obj
 .debug_abbrev  0x00001463      0x116 CMakeFiles/blink.dir/home/jamescathcart/.pico-sdk/sdk/2.0.0/src/common/pico_sync/lock_core.c.obj
 .debug_abbrev  0x00001579      0x424 CMakeFiles/blink.dir/home/jamescathcart/.pico-sdk/sdk/2.0.0/src/common/pico_sync/mutex.c.obj
 .debug_abbrev  0x0000199d      0x630 CMakeFiles/blink.dir/home/jamescathcart/.pico-sdk/sdk/2.0.0/src/common/pico_time/time.c.obj
 .debug_abbrev  0x00001fcd      0x473 CMakeFiles/blink.dir/home/jamescathcart/.pico-sdk/sdk/2.0.0/src/rp2_common/hardware_timer/timer.c.obj
 .debug_abbrev  0x00002440      0x431 CMakeFiles/blink.dir/home/jamescathcart/.pico-sdk/sdk/2.0.0/src/rp2_common/hardware_clocks/clocks.c.obj
 .debug_abbrev  0x00002871      0x20e CMakeFiles/blink.dir/home/jamescathcart/.pico-sdk/sdk/2.0.0/src/rp2_common/hardware_pll/pll.c.obj
 .debug_abbrev  0x00002a7f      0x152 CMakeFiles/blink.dir/home/jamescathcart/.pico-sdk/sdk/2.0.0/src/rp2_common/hardware_ticks/ticks.c.obj
 .debug_abbrev  0x00002bd1      0x11d CMakeFiles/blink.dir/home/jamescathcart/.pico-sdk/sdk/2.0.0/src/rp2_common/hardware_xosc/xosc.c.obj
 .debug_abbrev  0x00002cee      0x149 CMakeFiles/blink.dir/home/jamescathcart/.pico-sdk/sdk/2.0.0/src/rp2_common/pico_runtime/runtime.c.obj
 .debug_abbrev  0x00002e37      0x20f CMakeFiles/blink.dir/home/jamescathcart/.pico-sdk/sdk/2.0.0/src/rp2_common/pico_runtime_init/runtime_init.c.obj
 .debug_abbrev  0x00003046      0x2b3 CMakeFiles/blink.dir/home/jamescathcart/.pico-sdk/sdk/2.0.0/src/rp2_common/pico_runtime_init/runtime_init_clocks.c.obj
 .debug_abbrev  0x000032f9       0x12 CMakeFiles/blink.dir/home/jamescathcart/.pico-sdk/sdk/2.0.0/src/rp2_common/pico_bit_ops/bit_ops_aeabi.S.obj
 .debug_abbrev  0x0000330b      0x1a0 CMakeFiles/blink.dir/home/jamescathcart/.pico-sdk/sdk/2.0.0/src/rp2_common/pico_bootrom/bootrom.c.obj
 .debug_abbrev  0x000034ab       0x12 CMakeFiles/blink.dir/home/jamescathcart/.pico-sdk/sdk/2.0.0/src/rp2_common/pico_divider/divider_hardware.S.obj
 .debug_abbrev  0x000034bd       0x12 CMakeFiles/blink.dir/home/jamescathcart/.pico-sdk/sdk/2.0.0/src/rp2_common/pico_double/double_aeabi_rp2040.S.obj
 .debug_abbrev  0x000034cf      0x1ab CMakeFiles/blink.dir/home/jamescathcart/.pico-sdk/sdk/2.0.0/src/rp2_common/pico_double/double_init_rom_rp2040.c.obj
 .debug_abbrev  0x0000367a       0x12 CMakeFiles/blink.dir/home/jamescathcart/.pico-sdk/sdk/2.0.0/src/rp2_common/pico_double/double_v1_rom_shim_rp2040.S.obj
 .debug_abbrev  0x0000368c       0x14 CMakeFiles/blink.dir/home/jamescathcart/.pico-sdk/sdk/2.0.0/src/rp2_common/pico_int64_ops/pico_int64_ops_aeabi.S.obj
 .debug_abbrev  0x000036a0       0x12 CMakeFiles/blink.dir/home/jamescathcart/.pico-sdk/sdk/2.0.0/src/rp2_common/pico_float/float_aeabi_rp2040.S.obj
 .debug_abbrev  0x000036b2      0x1ae CMakeFiles/blink.dir/home/jamescathcart/.pico-sdk/sdk/2.0.0/src/rp2_common/pico_float/float_init_rom_rp2040.c.obj
 .debug_abbrev  0x00003860       0x12 CMakeFiles/blink.dir/home/jamescathcart/.pico-sdk/sdk/2.0.0/src/rp2_common/pico_float/float_v1_rom_shim_rp2040.S.obj
 .debug_abbrev  0x00003872       0x12 CMakeFiles/blink.dir/home/jamescathcart/.pico-sdk/sdk/2.0.0/src/rp2_common/pico_mem_ops/mem_ops_aeabi.S.obj
 .debug_abbrev  0x00003884       0xb8 CMakeFiles/blink.dir/home/jamescathcart/.pico-sdk/sdk/2.0.0/src/rp2_common/pico_standard_binary_info/standard_binary_info.c.obj
 .debug_abbrev  0x0000393c      0x38e CMakeFiles/blink.dir/home/jamescathcart/.pico-sdk/sdk/2.0.0/src/rp2_common/pico_printf/printf.c.obj
 .debug_abbrev  0x00003cca       0x12 CMakeFiles/blink.dir/home/jamescathcart/.pico-sdk/sdk/2.0.0/src/rp2_common/pico_crt0/crt0.S.obj
 .debug_abbrev  0x00003cdc      0x35f CMakeFiles/blink.dir/home/jamescathcart/.pico-sdk/sdk/2.0.0/src/rp2_common/pico_clib_interface/newlib_interface.c.obj
 .debug_abbrev  0x0000403b      0x520 CMakeFiles/blink.dir/home/jamescathcart/.pico-sdk/sdk/2.0.0/src/rp2_common/pico_stdio/stdio.c.obj

.debug_loclists
                0x00000000     0x8149
 .debug_loclists
                0x00000000      0x148 CMakeFiles/blink.dir/blink.c.obj
 .debug_loclists
                0x00000148      0xf31 CMakeFiles/blink.dir/home/jamescathcart/.pico-sdk/sdk/2.0.0/src/rp2_common/hardware_gpio/gpio.c.obj
 .debug_loclists
                0x00001079      0x2af CMakeFiles/blink.dir/home/jamescathcart/.pico-sdk/sdk/2.0.0/src/common/hardware_claim/claim.c.obj
 .debug_loclists
                0x00001328       0xe6 CMakeFiles/blink.dir/home/jamescathcart/.pico-sdk/sdk/2.0.0/src/rp2_common/hardware_sync/sync.c.obj
 .debug_loclists
                0x0000140e       0xa8 CMakeFiles/blink.dir/home/jamescathcart/.pico-sdk/sdk/2.0.0/src/rp2_common/hardware_sync_spin_lock/sync_spin_lock.c.obj
 .debug_loclists
                0x000014b6      0xda2 CMakeFiles/blink.dir/home/jamescathcart/.pico-sdk/sdk/2.0.0/src/rp2_common/hardware_irq/irq.c.obj
 .debug_loclists
                0x00002258       0x50 CMakeFiles/blink.dir/home/jamescathcart/.pico-sdk/sdk/2.0.0/src/common/pico_sync/lock_core.c.obj
 .debug_loclists
                0x000022a8      0xaec CMakeFiles/blink.dir/home/jamescathcart/.pico-sdk/sdk/2.0.0/src/common/pico_sync/mutex.c.obj
 .debug_loclists
                0x00002d94     0x16eb CMakeFiles/blink.dir/home/jamescathcart/.pico-sdk/sdk/2.0.0/src/common/pico_time/time.c.obj
 .debug_loclists
                0x0000447f      0x971 CMakeFiles/blink.dir/home/jamescathcart/.pico-sdk/sdk/2.0.0/src/rp2_common/hardware_timer/timer.c.obj
 .debug_loclists
                0x00004df0      0x9d3 CMakeFiles/blink.dir/home/jamescathcart/.pico-sdk/sdk/2.0.0/src/rp2_common/hardware_clocks/clocks.c.obj
 .debug_loclists
                0x000057c3      0x23b CMakeFiles/blink.dir/home/jamescathcart/.pico-sdk/sdk/2.0.0/src/rp2_common/hardware_pll/pll.c.obj
 .debug_loclists
                0x000059fe       0x47 CMakeFiles/blink.dir/home/jamescathcart/.pico-sdk/sdk/2.0.0/src/rp2_common/hardware_ticks/ticks.c.obj
 .debug_loclists
                0x00005a45       0x48 CMakeFiles/blink.dir/home/jamescathcart/.pico-sdk/sdk/2.0.0/src/rp2_common/hardware_xosc/xosc.c.obj
 .debug_loclists
                0x00005a8d       0x58 CMakeFiles/blink.dir/home/jamescathcart/.pico-sdk/sdk/2.0.0/src/rp2_common/pico_runtime/runtime.c.obj
 .debug_loclists
                0x00005ae5       0xba CMakeFiles/blink.dir/home/jamescathcart/.pico-sdk/sdk/2.0.0/src/rp2_common/pico_runtime_init/runtime_init.c.obj
 .debug_loclists
                0x00005b9f       0x7b CMakeFiles/blink.dir/home/jamescathcart/.pico-sdk/sdk/2.0.0/src/rp2_common/pico_runtime_init/runtime_init_clocks.c.obj
 .debug_loclists
                0x00005c1a      0x189 CMakeFiles/blink.dir/home/jamescathcart/.pico-sdk/sdk/2.0.0/src/rp2_common/pico_bootrom/bootrom.c.obj
 .debug_loclists
                0x00005da3       0x60 CMakeFiles/blink.dir/home/jamescathcart/.pico-sdk/sdk/2.0.0/src/rp2_common/pico_double/double_init_rom_rp2040.c.obj
 .debug_loclists
                0x00005e03       0x4f CMakeFiles/blink.dir/home/jamescathcart/.pico-sdk/sdk/2.0.0/src/rp2_common/pico_float/float_init_rom_rp2040.c.obj
 .debug_loclists
                0x00005e52     0x16f9 CMakeFiles/blink.dir/home/jamescathcart/.pico-sdk/sdk/2.0.0/src/rp2_common/pico_printf/printf.c.obj
 .debug_loclists
                0x0000754b      0x417 CMakeFiles/blink.dir/home/jamescathcart/.pico-sdk/sdk/2.0.0/src/rp2_common/pico_clib_interface/newlib_interface.c.obj
 .debug_loclists
                0x00007962      0x7e7 CMakeFiles/blink.dir/home/jamescathcart/.pico-sdk/sdk/2.0.0/src/rp2_common/pico_stdio/stdio.c.obj

.debug_aranges  0x00000000      0xee8
 .debug_aranges
                0x00000000       0x38 CMakeFiles/blink.dir/blink.c.obj
 .debug_aranges
                0x00000038      0x128 CMakeFiles/blink.dir/home/jamescathcart/.pico-sdk/sdk/2.0.0/src/rp2_common/hardware_gpio/gpio.c.obj
 .debug_aranges
                0x00000160       0x28 CMakeFiles/blink.dir/home/jamescathcart/.pico-sdk/sdk/2.0.0/src/rp2_common/pico_platform_panic/panic.c.obj
 .debug_aranges
                0x00000188       0x48 CMakeFiles/blink.dir/home/jamescathcart/.pico-sdk/sdk/2.0.0/src/common/hardware_claim/claim.c.obj
 .debug_aranges
                0x000001d0       0x48 CMakeFiles/blink.dir/home/jamescathcart/.pico-sdk/sdk/2.0.0/src/rp2_common/hardware_sync/sync.c.obj
 .debug_aranges
                0x00000218       0x28 CMakeFiles/blink.dir/home/jamescathcart/.pico-sdk/sdk/2.0.0/src/rp2_common/hardware_sync_spin_lock/sync_spin_lock.c.obj
 .debug_aranges
                0x00000240       0xe0 CMakeFiles/blink.dir/home/jamescathcart/.pico-sdk/sdk/2.0.0/src/rp2_common/hardware_irq/irq.c.obj
 .debug_aranges
                0x00000320       0x20 CMakeFiles/blink.dir/home/jamescathcart/.pico-sdk/sdk/2.0.0/src/common/pico_sync/lock_core.c.obj
 .debug_aranges
                0x00000340       0x98 CMakeFiles/blink.dir/home/jamescathcart/.pico-sdk/sdk/2.0.0/src/common/pico_sync/mutex.c.obj
 .debug_aranges
                0x000003d8      0x110 CMakeFiles/blink.dir/home/jamescathcart/.pico-sdk/sdk/2.0.0/src/common/pico_time/time.c.obj
 .debug_aranges
                0x000004e8       0xf0 CMakeFiles/blink.dir/home/jamescathcart/.pico-sdk/sdk/2.0.0/src/rp2_common/hardware_timer/timer.c.obj
 .debug_aranges
                0x000005d8       0xa0 CMakeFiles/blink.dir/home/jamescathcart/.pico-sdk/sdk/2.0.0/src/rp2_common/hardware_clocks/clocks.c.obj
 .debug_aranges
                0x00000678       0x28 CMakeFiles/blink.dir/home/jamescathcart/.pico-sdk/sdk/2.0.0/src/rp2_common/hardware_pll/pll.c.obj
 .debug_aranges
                0x000006a0       0x30 CMakeFiles/blink.dir/home/jamescathcart/.pico-sdk/sdk/2.0.0/src/rp2_common/hardware_ticks/ticks.c.obj
 .debug_aranges
                0x000006d0       0x30 CMakeFiles/blink.dir/home/jamescathcart/.pico-sdk/sdk/2.0.0/src/rp2_common/hardware_xosc/xosc.c.obj
 .debug_aranges
                0x00000700       0x40 CMakeFiles/blink.dir/home/jamescathcart/.pico-sdk/sdk/2.0.0/src/rp2_common/pico_runtime/runtime.c.obj
 .debug_aranges
                0x00000740       0x48 CMakeFiles/blink.dir/home/jamescathcart/.pico-sdk/sdk/2.0.0/src/rp2_common/pico_runtime_init/runtime_init.c.obj
 .debug_aranges
                0x00000788       0x28 CMakeFiles/blink.dir/home/jamescathcart/.pico-sdk/sdk/2.0.0/src/rp2_common/pico_runtime_init/runtime_init_clocks.c.obj
 .debug_aranges
                0x000007b0       0x60 CMakeFiles/blink.dir/home/jamescathcart/.pico-sdk/sdk/2.0.0/src/rp2_common/pico_bit_ops/bit_ops_aeabi.S.obj
 .debug_aranges
                0x00000810       0x38 CMakeFiles/blink.dir/home/jamescathcart/.pico-sdk/sdk/2.0.0/src/rp2_common/pico_bootrom/bootrom.c.obj
 .debug_aranges
                0x00000848       0x40 CMakeFiles/blink.dir/home/jamescathcart/.pico-sdk/sdk/2.0.0/src/rp2_common/pico_divider/divider_hardware.S.obj
 .debug_aranges
                0x00000888      0x140 CMakeFiles/blink.dir/home/jamescathcart/.pico-sdk/sdk/2.0.0/src/rp2_common/pico_double/double_aeabi_rp2040.S.obj
 .debug_aranges
                0x000009c8       0x20 CMakeFiles/blink.dir/home/jamescathcart/.pico-sdk/sdk/2.0.0/src/rp2_common/pico_double/double_init_rom_rp2040.c.obj
 .debug_aranges
                0x000009e8       0xc8 CMakeFiles/blink.dir/home/jamescathcart/.pico-sdk/sdk/2.0.0/src/rp2_common/pico_double/double_v1_rom_shim_rp2040.S.obj
 .debug_aranges
                0x00000ab0       0x20 CMakeFiles/blink.dir/home/jamescathcart/.pico-sdk/sdk/2.0.0/src/rp2_common/pico_int64_ops/pico_int64_ops_aeabi.S.obj
 .debug_aranges
                0x00000ad0      0x130 CMakeFiles/blink.dir/home/jamescathcart/.pico-sdk/sdk/2.0.0/src/rp2_common/pico_float/float_aeabi_rp2040.S.obj
 .debug_aranges
                0x00000c00       0x20 CMakeFiles/blink.dir/home/jamescathcart/.pico-sdk/sdk/2.0.0/src/rp2_common/pico_float/float_init_rom_rp2040.c.obj
 .debug_aranges
                0x00000c20       0x50 CMakeFiles/blink.dir/home/jamescathcart/.pico-sdk/sdk/2.0.0/src/rp2_common/pico_float/float_v1_rom_shim_rp2040.S.obj
 .debug_aranges
                0x00000c70       0x38 CMakeFiles/blink.dir/home/jamescathcart/.pico-sdk/sdk/2.0.0/src/rp2_common/pico_mem_ops/mem_ops_aeabi.S.obj
 .debug_aranges
                0x00000ca8       0x18 CMakeFiles/blink.dir/home/jamescathcart/.pico-sdk/sdk/2.0.0/src/rp2_common/pico_standard_binary_info/standard_binary_info.c.obj
 .debug_aranges
                0x00000cc0       0x90 CMakeFiles/blink.dir/home/jamescathcart/.pico-sdk/sdk/2.0.0/src/rp2_common/pico_printf/printf.c.obj
 .debug_aranges
                0x00000d50       0x28 CMakeFiles/blink.dir/home/jamescathcart/.pico-sdk/sdk/2.0.0/src/rp2_common/pico_crt0/crt0.S.obj
 .debug_aranges
                0x00000d78       0xa0 CMakeFiles/blink.dir/home/jamescathcart/.pico-sdk/sdk/2.0.0/src/rp2_common/pico_clib_interface/newlib_interface.c.obj
 .debug_aranges
                0x00000e18       0xd0 CMakeFiles/blink.dir/home/jamescathcart/.pico-sdk/sdk/2.0.0/src/rp2_common/pico_stdio/stdio.c.obj

.debug_rnglists
                0x00000000      0xe8e
 .debug_rnglists
                0x00000000       0x3d CMakeFiles/blink.dir/blink.c.obj
 .debug_rnglists
                0x0000003d      0x10a CMakeFiles/blink.dir/home/jamescathcart/.pico-sdk/sdk/2.0.0/src/rp2_common/hardware_gpio/gpio.c.obj
 .debug_rnglists
                0x00000147       0x19 CMakeFiles/blink.dir/home/jamescathcart/.pico-sdk/sdk/2.0.0/src/rp2_common/pico_platform_panic/panic.c.obj
 .debug_rnglists